Archive member included to satisfy reference by file (symbol)

/Users/viviane/Documents/GitHub/mp3-146/toolchains/mac/gcc-arm-none-eabi-8-2019-q3-update/bin/../lib/gcc/arm-none-eabi/8.3.1/thumb/v7e-m+fp/hard/libgcc.a(_arm_addsubdf3.o)
                              _build_lpc40xx_freertos/objects/sl_string.o (__aeabi_f2d)
/Users/viviane/Documents/GitHub/mp3-146/toolchains/mac/gcc-arm-none-eabi-8-2019-q3-update/bin/../lib/gcc/arm-none-eabi/8.3.1/thumb/v7e-m+fp/hard/libgcc.a(_aeabi_ldivmod.o)
                              _build_lpc40xx_freertos/objects/tasks.o (__aeabi_ldivmod)
/Users/viviane/Documents/GitHub/mp3-146/toolchains/mac/gcc-arm-none-eabi-8-2019-q3-update/bin/../lib/gcc/arm-none-eabi/8.3.1/thumb/v7e-m+fp/hard/libgcc.a(_aeabi_uldivmod.o)
                              _build_lpc40xx_freertos/objects/delay.o (__aeabi_uldivmod)
/Users/viviane/Documents/GitHub/mp3-146/toolchains/mac/gcc-arm-none-eabi-8-2019-q3-update/bin/../lib/gcc/arm-none-eabi/8.3.1/thumb/v7e-m+fp/hard/libgcc.a(_udivmoddi4.o)
                              /Users/viviane/Documents/GitHub/mp3-146/toolchains/mac/gcc-arm-none-eabi-8-2019-q3-update/bin/../lib/gcc/arm-none-eabi/8.3.1/thumb/v7e-m+fp/hard/libgcc.a(_aeabi_ldivmod.o) (__udivmoddi4)
/Users/viviane/Documents/GitHub/mp3-146/toolchains/mac/gcc-arm-none-eabi-8-2019-q3-update/bin/../lib/gcc/arm-none-eabi/8.3.1/thumb/v7e-m+fp/hard/libgcc.a(_dvmd_tls.o)
                              /Users/viviane/Documents/GitHub/mp3-146/toolchains/mac/gcc-arm-none-eabi-8-2019-q3-update/bin/../lib/gcc/arm-none-eabi/8.3.1/thumb/v7e-m+fp/hard/libgcc.a(_aeabi_ldivmod.o) (__aeabi_ldiv0)
/Users/viviane/Documents/GitHub/mp3-146/toolchains/mac/gcc-arm-none-eabi-8-2019-q3-update/bin/../lib/gcc/arm-none-eabi/8.3.1/../../../../arm-none-eabi/lib/thumb/v7e-m+fp/hard/libg_nano.a(lib_a-atoi.o)
                              _build_lpc40xx_freertos/objects/esp32_task.o (atoi)
/Users/viviane/Documents/GitHub/mp3-146/toolchains/mac/gcc-arm-none-eabi-8-2019-q3-update/bin/../lib/gcc/arm-none-eabi/8.3.1/../../../../arm-none-eabi/lib/thumb/v7e-m+fp/hard/libg_nano.a(lib_a-ctype_.o)
                              _build_lpc40xx_freertos/objects/sl_string.o (_ctype_)
/Users/viviane/Documents/GitHub/mp3-146/toolchains/mac/gcc-arm-none-eabi-8-2019-q3-update/bin/../lib/gcc/arm-none-eabi/8.3.1/../../../../arm-none-eabi/lib/thumb/v7e-m+fp/hard/libg_nano.a(lib_a-exit.o)
                              _build_lpc40xx_freertos/objects/song_list.o (exit)
/Users/viviane/Documents/GitHub/mp3-146/toolchains/mac/gcc-arm-none-eabi-8-2019-q3-update/bin/../lib/gcc/arm-none-eabi/8.3.1/../../../../arm-none-eabi/lib/thumb/v7e-m+fp/hard/libg_nano.a(lib_a-fprintf.o)
                              _build_lpc40xx_freertos/objects/interrupt_vector_table.o (fprintf)
/Users/viviane/Documents/GitHub/mp3-146/toolchains/mac/gcc-arm-none-eabi-8-2019-q3-update/bin/../lib/gcc/arm-none-eabi/8.3.1/../../../../arm-none-eabi/lib/thumb/v7e-m+fp/hard/libg_nano.a(lib_a-fputc.o)
                              _build_lpc40xx_freertos/objects/i2c.o (fputc)
/Users/viviane/Documents/GitHub/mp3-146/toolchains/mac/gcc-arm-none-eabi-8-2019-q3-update/bin/../lib/gcc/arm-none-eabi/8.3.1/../../../../arm-none-eabi/lib/thumb/v7e-m+fp/hard/libg_nano.a(lib_a-fputs.o)
                              _build_lpc40xx_freertos/objects/entry_point.o (fputs)
/Users/viviane/Documents/GitHub/mp3-146/toolchains/mac/gcc-arm-none-eabi-8-2019-q3-update/bin/../lib/gcc/arm-none-eabi/8.3.1/../../../../arm-none-eabi/lib/thumb/v7e-m+fp/hard/libg_nano.a(lib_a-getchar.o)
                              _build_lpc40xx_freertos/objects/sj2_cli.o (getchar)
/Users/viviane/Documents/GitHub/mp3-146/toolchains/mac/gcc-arm-none-eabi-8-2019-q3-update/bin/../lib/gcc/arm-none-eabi/8.3.1/../../../../arm-none-eabi/lib/thumb/v7e-m+fp/hard/libg_nano.a(lib_a-impure.o)
                              /Users/viviane/Documents/GitHub/mp3-146/toolchains/mac/gcc-arm-none-eabi-8-2019-q3-update/bin/../lib/gcc/arm-none-eabi/8.3.1/../../../../arm-none-eabi/lib/thumb/v7e-m+fp/hard/libg_nano.a(lib_a-exit.o) (_global_impure_ptr)
/Users/viviane/Documents/GitHub/mp3-146/toolchains/mac/gcc-arm-none-eabi-8-2019-q3-update/bin/../lib/gcc/arm-none-eabi/8.3.1/../../../../arm-none-eabi/lib/thumb/v7e-m+fp/hard/libg_nano.a(lib_a-lock.o)
                              /Users/viviane/Documents/GitHub/mp3-146/toolchains/mac/gcc-arm-none-eabi-8-2019-q3-update/bin/../lib/gcc/arm-none-eabi/8.3.1/../../../../arm-none-eabi/lib/thumb/v7e-m+fp/hard/libg_nano.a(lib_a-fputc.o) (__retarget_lock_acquire_recursive)
/Users/viviane/Documents/GitHub/mp3-146/toolchains/mac/gcc-arm-none-eabi-8-2019-q3-update/bin/../lib/gcc/arm-none-eabi/8.3.1/../../../../arm-none-eabi/lib/thumb/v7e-m+fp/hard/libg_nano.a(lib_a-malloc.o)
                              _build_lpc40xx_freertos/objects/heap_selector.o (malloc)
[...]
Memory Configuration

Name             Origin             Length             Attributes
flash_512k       0x0000000000000000 0x0000000000080000 xr
ram_64k          0x0000000010000000 0x0000000000010000 xrw
ram_32k          0x0000000020000000 0x0000000000008000 xrw
*default*        0x0000000000000000 0xffffffffffffffff

Linker script and memory map

LOAD _build_lpc40xx_freertos/objects/entry_point.o
LOAD _build_lpc40xx_freertos/objects/interrupt_vector_table.o
LOAD _build_lpc40xx_freertos/objects/clock.o
LOAD _build_lpc40xx_freertos/objects/crash.o
LOAD _build_lpc40xx_freertos/objects/sbrk.o
LOAD _build_lpc40xx_freertos/objects/startup.o
LOAD _build_lpc40xx_freertos/objects/acceleration.o
LOAD _build_lpc40xx_freertos/objects/sensors.o
LOAD _build_lpc40xx_freertos/objects/ff.o
LOAD _build_lpc40xx_freertos/objects/ffsystem.o
LOAD _build_lpc40xx_freertos/objects/ffunicode.o
LOAD _build_lpc40xx_freertos/objects/disk_glue_logic.o
LOAD _build_lpc40xx_freertos/objects/fatfs_time.o
LOAD _build_lpc40xx_freertos/objects/sd_card.o
LOAD _build_lpc40xx_freertos/objects/system_calls.o
LOAD _build_lpc40xx_freertos/objects/app_cli.o
LOAD _build_lpc40xx_freertos/objects/sj2_cli.o
LOAD _build_lpc40xx_freertos/objects/handler_i2c.o
LOAD _build_lpc40xx_freertos/objects/handlers_general.o
LOAD _build_lpc40xx_freertos/objects/esp32.o
LOAD _build_lpc40xx_freertos/objects/esp32_task.o
LOAD _build_lpc40xx_freertos/objects/file_io_example.o
LOAD _build_lpc40xx_freertos/objects/delay.o
LOAD _build_lpc40xx_freertos/objects/peripherals_init.o
LOAD _build_lpc40xx_freertos/objects/ssp2_mutex.o
LOAD _build_lpc40xx_freertos/objects/sys_time.o
LOAD _build_lpc40xx_freertos/objects/uart_printf.o
LOAD _build_lpc40xx_freertos/objects/rtos_hooks.o
LOAD _build_lpc40xx_freertos/objects/periodic_callbacks.o
LOAD _build_lpc40xx_freertos/objects/periodic_scheduler.o
LOAD _build_lpc40xx_freertos/objects/leightweight_lock.o
LOAD _build_lpc40xx_freertos/objects/sl_string.o
LOAD _build_lpc40xx_freertos/objects/freertos_interrupt_handlers.o
LOAD _build_lpc40xx_freertos/objects/heap_selector.o
LOAD _build_lpc40xx_freertos/objects/trcKernelPort.o
LOAD _build_lpc40xx_freertos/objects/trcSnapshotRecorder.o
LOAD _build_lpc40xx_freertos/objects/trcStreamingPort.o
LOAD _build_lpc40xx_freertos/objects/trcStreamingRecorder.o
LOAD _build_lpc40xx_freertos/objects/port.o
LOAD _build_lpc40xx_freertos/objects/croutine.o
LOAD _build_lpc40xx_freertos/objects/event_groups.o
LOAD _build_lpc40xx_freertos/objects/list.o
LOAD _build_lpc40xx_freertos/objects/queue.o
LOAD _build_lpc40xx_freertos/objects/stream_buffer.o
LOAD _build_lpc40xx_freertos/objects/tasks.o
LOAD _build_lpc40xx_freertos/objects/timers.o
LOAD _build_lpc40xx_freertos/objects/adc.o
LOAD _build_lpc40xx_freertos/objects/board_io.o
LOAD _build_lpc40xx_freertos/objects/button.o
LOAD _build_lpc40xx_freertos/objects/can_bus.o
LOAD _build_lpc40xx_freertos/objects/decoder.o
LOAD _build_lpc40xx_freertos/objects/gpio.o
LOAD _build_lpc40xx_freertos/objects/gpio0_lab.o
LOAD _build_lpc40xx_freertos/objects/gpio1_lab.o
LOAD _build_lpc40xx_freertos/objects/hw_timer.o
LOAD _build_lpc40xx_freertos/objects/i2c.o
LOAD _build_lpc40xx_freertos/objects/i2c_slave_functions.o
LOAD _build_lpc40xx_freertos/objects/i2c_slave_init.o
LOAD _build_lpc40xx_freertos/objects/lcd.o
LOAD _build_lpc40xx_freertos/objects/lpc_peripherals.o
LOAD _build_lpc40xx_freertos/objects/mp3.o
LOAD _build_lpc40xx_freertos/objects/pwm1.o
LOAD _build_lpc40xx_freertos/objects/song_list.o
LOAD _build_lpc40xx_freertos/objects/ssp2.o
LOAD _build_lpc40xx_freertos/objects/ssp2_lab.o
LOAD _build_lpc40xx_freertos/objects/uart.o
LOAD _build_lpc40xx_freertos/objects/uart_lab.o
LOAD _build_lpc40xx_freertos/objects/main.o
LOAD /Users/viviane/Documents/GitHub/mp3-146/toolchains/mac/gcc-arm-none-eabi-8-2019-q3-update/bin/../lib/gcc/arm-none-eabi/8.3.1/../../../../arm-none-eabi/lib/thumb/v7e-m+fp/hard/libm.a
START GROUP
LOAD /Users/viviane/Documents/GitHub/mp3-146/toolchains/mac/gcc-arm-none-eabi-8-2019-q3-update/bin/../lib/gcc/arm-none-eabi/8.3.1/thumb/v7e-m+fp/hard/libgcc.a
LOAD /Users/viviane/Documents/GitHub/mp3-146/toolchains/mac/gcc-arm-none-eabi-8-2019-q3-update/bin/../lib/gcc/arm-none-eabi/8.3.1/../../../../arm-none-eabi/lib/thumb/v7e-m+fp/hard/libg_nano.a
LOAD /Users/viviane/Documents/GitHub/mp3-146/toolchains/mac/gcc-arm-none-eabi-8-2019-q3-update/bin/../lib/gcc/arm-none-eabi/8.3.1/../../../../arm-none-eabi/lib/thumb/v7e-m+fp/hard/libc_nano.a
END GROUP
START GROUP
LOAD /Users/viviane/Documents/GitHub/mp3-146/toolchains/mac/gcc-arm-none-eabi-8-2019-q3-update/bin/../lib/gcc/arm-none-eabi/8.3.1/thumb/v7e-m+fp/hard/libgcc.a
LOAD /Users/viviane/Documents/GitHub/mp3-146/toolchains/mac/gcc-arm-none-eabi-8-2019-q3-update/bin/../lib/gcc/arm-none-eabi/8.3.1/../../../../arm-none-eabi/lib/thumb/v7e-m+fp/hard/libc_nano.a
END GROUP
                0x0000000000000000                __base_flash = ORIGIN (flash_512k)
                0x0000000000080000                __top_flash = (__base_flash + LENGTH (flash_512k))
                0x0000000010000000                __base_ram_64k = ORIGIN (ram_64k)
                0x0000000010010000                __top_ram_64k = (__base_ram_64k + LENGTH (ram_64k))
                0x0000000020000000                __base_ram_32k = ORIGIN (ram_32k)
                0x0000000020008000                __top_ram_32k = (__base_ram_32k + LENGTH (ram_32k))

.text           0x0000000000000000     0xe744
 FILL mask 0xff
 *(.interrupt_vector_table)
 .interrupt_vector_table
                0x0000000000000000       0xe4 _build_lpc40xx_freertos/objects/interrupt_vector_table.o
                0x0000000000000000                interrupt_vector_table
                0x00000000000000e4                . = ALIGN (0x4)
 *(.init)
                0x00000000000000e4                . = ALIGN (0x4)
                0x00000000000000e4                __preinit_array_start = .
 *(.preinit_array)
                0x00000000000000e4                __preinit_array_end = .
                0x00000000000000e4                . = ALIGN (0x4)
                0x00000000000000e4                __init_array_start = .
 *(SORT_BY_NAME(.init_array.*))
 *(.init_array)
                0x00000000000000e4                __init_array_end = .
 *(.fini)
                0x00000000000000e4                . = ALIGN (0x4)
 *crtbegin.o(.ctors)
 *(EXCLUDE_FILE(*crtend.o) .ctors)
 *(SORT_BY_NAME(.ctors.*))
 *crtend.o(.ctors)
                0x00000000000000e4                . = ALIGN (0x4)
 *crtbegin.o(.dtors)
 *(EXCLUDE_FILE(*crtend.o) .dtors)
 *(SORT_BY_NAME(.dtors.*))
 *crtend.o(.dtors)
 *(.text*)
 .text.entry_point
                0x00000000000000e4       0x74 _build_lpc40xx_freertos/objects/entry_point.o
                0x00000000000000e4                entry_point
 .text.isr_hard_fault
                0x0000000000000158       0x1a _build_lpc40xx_freertos/objects/interrupt_vector_table.o
 *fill*         0x0000000000000172        0x2 ff
 .text.halt     0x0000000000000174       0x5c _build_lpc40xx_freertos/objects/interrupt_vector_table.o
 .text.isr_hard_fault_handler
                0x00000000000001d0       0x4c _build_lpc40xx_freertos/objects/interrupt_vector_table.o
                0x00000000000001d0                isr_hard_fault_handler
 .text.clock__get_core_clock_hz
                0x000000000000021c        0x8 _build_lpc40xx_freertos/objects/clock.o
                0x000000000000021c                clock__get_core_clock_hz
 .text.clock__get_peripheral_clock_hz
                0x0000000000000224        0x8 _build_lpc40xx_freertos/objects/clock.o
                0x0000000000000224                clock__get_peripheral_clock_hz
 .text.clock__initialize_system_clock_96mhz
                0x000000000000022c       0x40 _build_lpc40xx_freertos/objects/clock.o
                0x000000000000022c                clock__initialize_system_clock_96mhz
 .text.crash__record_get
                0x000000000000026c       0x18 _build_lpc40xx_freertos/objects/crash.o
                0x000000000000026c                crash__record_get
 .text.crash__report_if_occurred
                0x0000000000000284       0xc0 _build_lpc40xx_freertos/objects/crash.o
                0x0000000000000284                crash__report_if_occurred
 .text._sbrk    0x0000000000000344       0x54 _build_lpc40xx_freertos/objects/sbrk.o
                0x0000000000000344                _sbrk
 .text.startup__initialize_ram
                0x0000000000000398       0x3c _build_lpc40xx_freertos/objects/startup.o
                0x0000000000000398                startup__initialize_ram
 .text.startup__initialize_fpu
                0x00000000000003d4       0x14 _build_lpc40xx_freertos/objects/startup.o
                0x00000000000003d4                startup__initialize_fpu
 .text.startup__initialize_interrupts
                0x00000000000003e8       0x18 _build_lpc40xx_freertos/objects/startup.o
                0x00000000000003e8                startup__initialize_interrupts
 .text.acceleration__init
                0x0000000000000400       0x22 _build_lpc40xx_freertos/objects/acceleration.o
                0x0000000000000400                acceleration__init
 .text.sensors__init
                0x0000000000000422        0x4 _build_lpc40xx_freertos/objects/sensors.o
                0x0000000000000422                sensors__init
 .text.ld_dword
                0x0000000000000426       0x10 _build_lpc40xx_freertos/objects/ff.o
 .text.st_dword
                0x0000000000000436       0x10 _build_lpc40xx_freertos/objects/ff.o
 .text.mem_cmp  0x0000000000000446       0x1c _build_lpc40xx_freertos/objects/ff.o
 .text.clst2sect
                0x0000000000000462       0x16 _build_lpc40xx_freertos/objects/ff.o
 .text.sum_sfn  0x0000000000000478       0x1e _build_lpc40xx_freertos/objects/ff.o
 .text.get_ldnumber
                0x0000000000000496       0x2a _build_lpc40xx_freertos/objects/ff.o
 .text.mem_cpy.part.0
                0x00000000000004c0       0x12 _build_lpc40xx_freertos/objects/ff.o
 .text.ld_clust.isra.3
                0x00000000000004d2       0x1c _build_lpc40xx_freertos/objects/ff.o
 .text.st_clust.isra.4
                0x00000000000004ee       0x18 _build_lpc40xx_freertos/objects/ff.o
 .text.sync_window.part.6
                0x0000000000000506       0x40 _build_lpc40xx_freertos/objects/ff.o
 .text.move_window
                0x0000000000000546       0x44 _build_lpc40xx_freertos/objects/ff.o
 *fill*         0x000000000000058a        0x2 ff
 .text.check_fs
                0x000000000000058c       0x74 _build_lpc40xx_freertos/objects/ff.o
 .text.find_volume
                0x0000000000000600      0x2c0 _build_lpc40xx_freertos/objects/ff.o
 .text.put_fat  0x00000000000008c0       0xf8 _build_lpc40xx_freertos/objects/ff.o
 .text.get_fat.isra.10
                0x00000000000009b8       0xb4 _build_lpc40xx_freertos/objects/ff.o
 .text.dir_sdi  0x0000000000000a6c       0x82 _build_lpc40xx_freertos/objects/ff.o
 .text.create_chain
                0x0000000000000aee       0xe8 _build_lpc40xx_freertos/objects/ff.o
 .text.remove_chain
                0x0000000000000bd6       0x6e _build_lpc40xx_freertos/objects/ff.o
 .text.unlock_fs
                0x0000000000000c44       0x16 _build_lpc40xx_freertos/objects/ff.o
 .text.validate
                0x0000000000000c5a       0x50 _build_lpc40xx_freertos/objects/ff.o
 .text.get_fileinfo
                0x0000000000000caa      0x13c _build_lpc40xx_freertos/objects/ff.o
 .text.dir_clear
                0x0000000000000de6       0x5c _build_lpc40xx_freertos/objects/ff.o
 .text.dir_next
                0x0000000000000e42       0xaa _build_lpc40xx_freertos/objects/ff.o
 .text.dir_find
                0x0000000000000eec      0x148 _build_lpc40xx_freertos/objects/ff.o
 .text.dir_read.constprop.15
                0x0000000000001034      0x11c _build_lpc40xx_freertos/objects/ff.o
 .text.follow_path
                0x0000000000001150      0x294 _build_lpc40xx_freertos/objects/ff.o
 .text.sync_fs  0x00000000000013e4       0xa0 _build_lpc40xx_freertos/objects/ff.o
 .text.dir_register
                0x0000000000001484      0x288 _build_lpc40xx_freertos/objects/ff.o
 .text.f_mount  0x000000000000170c       0x70 _build_lpc40xx_freertos/objects/ff.o
                0x000000000000170c                f_mount
 .text.f_open   0x000000000000177c      0x1cc _build_lpc40xx_freertos/objects/ff.o
                0x000000000000177c                f_open
 .text.f_read   0x0000000000001948      0x17c _build_lpc40xx_freertos/objects/ff.o
                0x0000000000001948                f_read
 .text.f_sync   0x0000000000001ac4       0xa2 _build_lpc40xx_freertos/objects/ff.o
                0x0000000000001ac4                f_sync
 .text.f_close  0x0000000000001b66       0x28 _build_lpc40xx_freertos/objects/ff.o
                0x0000000000001b66                f_close
 .text.f_opendir
                0x0000000000001b8e       0x7e _build_lpc40xx_freertos/objects/ff.o
                0x0000000000001b8e                f_opendir
 .text.f_closedir
                0x0000000000001c0c       0x1e _build_lpc40xx_freertos/objects/ff.o
                0x0000000000001c0c                f_closedir
 .text.f_readdir
                0x0000000000001c2a       0x5a _build_lpc40xx_freertos/objects/ff.o
                0x0000000000001c2a                f_readdir
 .text.ff_cre_syncobj
                0x0000000000001c84       0x1c _build_lpc40xx_freertos/objects/ffsystem.o
                0x0000000000001c84                ff_cre_syncobj
 .text.ff_del_syncobj
                0x0000000000001ca0        0xa _build_lpc40xx_freertos/objects/ffsystem.o
                0x0000000000001ca0                ff_del_syncobj
 .text.ff_req_grant
                0x0000000000001caa       0x12 _build_lpc40xx_freertos/objects/ffsystem.o
                0x0000000000001caa                ff_req_grant
 .text.ff_rel_grant
                0x0000000000001cbc        0xa _build_lpc40xx_freertos/objects/ffsystem.o
                0x0000000000001cbc                ff_rel_grant
 *fill*         0x0000000000001cc6        0x2 ff
 .text.ff_uni2oem
                0x0000000000001cc8       0x40 _build_lpc40xx_freertos/objects/ffunicode.o
                0x0000000000001cc8                ff_uni2oem
 .text.ff_oem2uni
                0x0000000000001d08       0x28 _build_lpc40xx_freertos/objects/ffunicode.o
                0x0000000000001d08                ff_oem2uni
 .text.ff_wtoupper
                0x0000000000001d30       0x8c _build_lpc40xx_freertos/objects/ffunicode.o
                0x0000000000001d30                ff_wtoupper
 .text.disk_initialize
                0x0000000000001dbc       0x1c _build_lpc40xx_freertos/objects/disk_glue_logic.o
                0x0000000000001dbc                disk_initialize
 .text.disk_status
                0x0000000000001dd8        0xa _build_lpc40xx_freertos/objects/disk_glue_logic.o
                0x0000000000001dd8                disk_status
 .text.disk_read
                0x0000000000001de2       0x28 _build_lpc40xx_freertos/objects/disk_glue_logic.o
                0x0000000000001de2                disk_read
 .text.disk_write
                0x0000000000001e0a       0x28 _build_lpc40xx_freertos/objects/disk_glue_logic.o
                0x0000000000001e0a                disk_write
 .text.disk_ioctl
                0x0000000000001e32       0x24 _build_lpc40xx_freertos/objects/disk_glue_logic.o
                0x0000000000001e32                disk_ioctl
 .text.get_fattime
                0x0000000000001e56        0x4 _build_lpc40xx_freertos/objects/fatfs_time.o
                0x0000000000001e56                get_fattime
 .text.sd_card__wait_for_ready
                0x0000000000001e5a       0x28 _build_lpc40xx_freertos/objects/sd_card.o
 *fill*         0x0000000000001e82        0x2 ff
 .text.sd_card__power_off
                0x0000000000001e84       0x20 _build_lpc40xx_freertos/objects/sd_card.o
 .text.sd_card__transmit_datablock
                0x0000000000001ea4       0x5a _build_lpc40xx_freertos/objects/sd_card.o
 .text.sd_card__send_command
                0x0000000000001efe       0x86 _build_lpc40xx_freertos/objects/sd_card.o
 .text.sd_card__read_datablock
                0x0000000000001f84       0x42 _build_lpc40xx_freertos/objects/sd_card.o
 *fill*         0x0000000000001fc6        0x2 ff
 .text.sd_card__update_status
                0x0000000000001fc8       0x20 _build_lpc40xx_freertos/objects/sd_card.o
                0x0000000000001fc8                sd_card__update_status
 .text.sd_card__initialize
                0x0000000000001fe8      0x13c _build_lpc40xx_freertos/objects/sd_card.o
                0x0000000000001fe8                sd_card__initialize
 .text.sd_card__status
                0x0000000000002124       0x10 _build_lpc40xx_freertos/objects/sd_card.o
                0x0000000000002124                sd_card__status
 .text.sd_card__read
                0x0000000000002134       0x8c _build_lpc40xx_freertos/objects/sd_card.o
                0x0000000000002134                sd_card__read
 .text.sd_card__write
                0x00000000000021c0       0xa8 _build_lpc40xx_freertos/objects/sd_card.o
                0x00000000000021c0                sd_card__write
 .text.sd_card__ioctl
                0x0000000000002268      0x200 _build_lpc40xx_freertos/objects/sd_card.o
                0x0000000000002268                sd_card__ioctl
 .text.system_calls__print_and_halt
                0x0000000000002468       0x1e _build_lpc40xx_freertos/objects/system_calls.o
 *fill*         0x0000000000002486        0x2 ff
 .text._exit    0x0000000000002488        0xc _build_lpc40xx_freertos/objects/system_calls.o
                0x0000000000002488                _exit
 .text._isatty  0x0000000000002494       0x28 _build_lpc40xx_freertos/objects/system_calls.o
                0x0000000000002494                _isatty
 .text._close   0x00000000000024bc        0xc _build_lpc40xx_freertos/objects/system_calls.o
                0x00000000000024bc                _close
 .text._fstat   0x00000000000024c8        0x4 _build_lpc40xx_freertos/objects/system_calls.o
                0x00000000000024c8                _fstat
 .text._lseek   0x00000000000024cc        0x4 _build_lpc40xx_freertos/objects/system_calls.o
                0x00000000000024cc                _lseek
 .text._write   0x00000000000024d0       0x70 _build_lpc40xx_freertos/objects/system_calls.o
                0x00000000000024d0                _write
 .text._read    0x0000000000002540       0x40 _build_lpc40xx_freertos/objects/system_calls.o
                0x0000000000002540                _read
 .text.app_cli__private_print_list_of_all_commands
                0x0000000000002580       0xbc _build_lpc40xx_freertos/objects/app_cli.o
 .text.app_cli__initialize
                0x000000000000263c       0x16 _build_lpc40xx_freertos/objects/app_cli.o
                0x000000000000263c                app_cli__initialize
 .text.app_cli__add_command_handler
                0x0000000000002652        0xa _build_lpc40xx_freertos/objects/app_cli.o
                0x0000000000002652                app_cli__add_command_handler
 .text.app_cli__process_input
                0x000000000000265c      0x1b8 _build_lpc40xx_freertos/objects/app_cli.o
                0x000000000000265c                app_cli__process_input
 .text.sj2_cli__output_function
                0x0000000000002814       0x12 _build_lpc40xx_freertos/objects/sj2_cli.o
 *fill*         0x0000000000002826        0x2 ff
 .text.sj2_cli__task
                0x0000000000002828       0x98 _build_lpc40xx_freertos/objects/sj2_cli.o
 .text.sj2_cli__init
                0x00000000000028c0       0x94 _build_lpc40xx_freertos/objects/sj2_cli.o
                0x00000000000028c0                sj2_cli__init
 .text.cli__i2c_read
                0x0000000000002954      0x104 _build_lpc40xx_freertos/objects/handler_i2c.o
 .text.cli__i2c_write
                0x0000000000002a58      0x12c _build_lpc40xx_freertos/objects/handler_i2c.o
 .text.cli__i2c
                0x0000000000002b84       0x68 _build_lpc40xx_freertos/objects/handler_i2c.o
                0x0000000000002b84                cli__i2c
 .text.cli__uart3_transmit
                0x0000000000002bec       0x44 _build_lpc40xx_freertos/objects/handlers_general.o
                0x0000000000002bec                cli__uart3_transmit
 .text.cli__crash_me
                0x0000000000002c30       0x18 _build_lpc40xx_freertos/objects/handlers_general.o
                0x0000000000002c30                cli__crash_me
 .text.cli__task_list
                0x0000000000002c48      0x10c _build_lpc40xx_freertos/objects/handlers_general.o
                0x0000000000002c48                cli__task_list
 .text.cli__mp3
                0x0000000000002d54       0x48 _build_lpc40xx_freertos/objects/handlers_general.o
                0x0000000000002d54                cli__mp3
 .text.delay__us
                0x0000000000002d9c       0x40 _build_lpc40xx_freertos/objects/delay.o
                0x0000000000002d9c                delay__us
 .text.delay__ms
                0x0000000000002ddc        0xc _build_lpc40xx_freertos/objects/delay.o
                0x0000000000002ddc                delay__ms
 .text.peripherals_init
                0x0000000000002de8      0x12c _build_lpc40xx_freertos/objects/peripherals_init.o
                0x0000000000002de8                peripherals_init
 .text.spi2_mutex__acquire
                0x0000000000002f14       0x34 _build_lpc40xx_freertos/objects/ssp2_mutex.o
                0x0000000000002f14                spi2_mutex__acquire
 .text.spi2_mutex__release
                0x0000000000002f48       0x24 _build_lpc40xx_freertos/objects/ssp2_mutex.o
                0x0000000000002f48                spi2_mutex__release
 .text.sys_time__one_minute_isr
                0x0000000000002f6c       0x24 _build_lpc40xx_freertos/objects/sys_time.o
 .text.sys_time__init
                0x0000000000002f90       0x2c _build_lpc40xx_freertos/objects/sys_time.o
                0x0000000000002f90                sys_time__init
 .text.sys_time__get_uptime_us
                0x0000000000002fbc       0x2c _build_lpc40xx_freertos/objects/sys_time.o
                0x0000000000002fbc                sys_time__get_uptime_us
 .text.sys_time__get_uptime_ms
                0x0000000000002fe8       0x12 _build_lpc40xx_freertos/objects/sys_time.o
                0x0000000000002fe8                sys_time__get_uptime_ms
 .text.uart_puts
                0x0000000000002ffa       0x3a _build_lpc40xx_freertos/objects/uart_printf.o
                0x0000000000002ffa                uart_puts
 .text.uart_puts__polled
                0x0000000000003034       0x2a _build_lpc40xx_freertos/objects/uart_printf.o
                0x0000000000003034                uart_puts__polled
 *fill*         0x000000000000305e        0x2 ff
 .text.vApplicationStackOverflowHook
                0x0000000000003060       0x1c _build_lpc40xx_freertos/objects/rtos_hooks.o
                0x0000000000003060                vApplicationStackOverflowHook
 .text.vApplicationMallocFailedHook
                0x000000000000307c       0x10 _build_lpc40xx_freertos/objects/rtos_hooks.o
                0x000000000000307c                vApplicationMallocFailedHook
 .text.vApplicationIdleHook
                0x000000000000308c       0x10 _build_lpc40xx_freertos/objects/rtos_hooks.o
                0x000000000000308c                vApplicationIdleHook
 .text.configASSERT_callback
                0x000000000000309c       0x40 _build_lpc40xx_freertos/objects/rtos_hooks.o
                0x000000000000309c                configASSERT_callback
 .text.vApplicationGetIdleTaskMemory
                0x00000000000030dc       0x18 _build_lpc40xx_freertos/objects/rtos_hooks.o
                0x00000000000030dc                vApplicationGetIdleTaskMemory
 .text.freertos_hooks__get_run_time_counter_value
                0x00000000000030f4       0x14 _build_lpc40xx_freertos/objects/rtos_hooks.o
                0x00000000000030f4                freertos_hooks__get_run_time_counter_value
 .text.freertos_hooks__reset_run_time_stats
                0x0000000000003108       0x14 _build_lpc40xx_freertos/objects/rtos_hooks.o
                0x0000000000003108                freertos_hooks__reset_run_time_stats
 .text.sl_utils__pointer_distance
                0x000000000000311c        0xc _build_lpc40xx_freertos/objects/sl_string.o
                0x000000000000311c                sl_utils__pointer_distance
 .text.sl_string__initialize
                0x0000000000003128       0x26 _build_lpc40xx_freertos/objects/sl_string.o
                0x0000000000003128                sl_string__initialize
 .text.sl_string__get_capacity
                0x000000000000314e       0x1a _build_lpc40xx_freertos/objects/sl_string.o
                0x000000000000314e                sl_string__get_capacity
 .text.sl_string__get_length
                0x0000000000003168       0x16 _build_lpc40xx_freertos/objects/sl_string.o
                0x0000000000003168                sl_string__get_length
 .text.sl_string__is_full
                0x000000000000317e       0x32 _build_lpc40xx_freertos/objects/sl_string.o
                0x000000000000317e                sl_string__is_full
 .text.sl_string__c_str
                0x00000000000031b0        0xe _build_lpc40xx_freertos/objects/sl_string.o
                0x00000000000031b0                sl_string__c_str
 .text.sl_string__clear
                0x00000000000031be       0x1e _build_lpc40xx_freertos/objects/sl_string.o
                0x00000000000031be                sl_string__clear
 .text.sl_string__vprintf
                0x00000000000031dc       0x24 _build_lpc40xx_freertos/objects/sl_string.o
                0x00000000000031dc                sl_string__vprintf
 .text.sl_string__printf
                0x0000000000003200       0x2e _build_lpc40xx_freertos/objects/sl_string.o
                0x0000000000003200                sl_string__printf
 .text.sl_string__scanf
                0x000000000000322e       0x28 _build_lpc40xx_freertos/objects/sl_string.o
                0x000000000000322e                sl_string__scanf
 .text.sl_string__set
                0x0000000000003256       0x3c _build_lpc40xx_freertos/objects/sl_string.o
                0x0000000000003256                sl_string__set
 .text.sl_string__initialize_from
                0x0000000000003292       0x26 _build_lpc40xx_freertos/objects/sl_string.o
                0x0000000000003292                sl_string__initialize_from
 .text.sl_string__insert_at
                0x00000000000032b8       0x8e _build_lpc40xx_freertos/objects/sl_string.o
                0x00000000000032b8                sl_string__insert_at
 .text.sl_string__append
                0x0000000000003346       0x4e _build_lpc40xx_freertos/objects/sl_string.o
                0x0000000000003346                sl_string__append
 .text.sl_string__append_char
                0x0000000000003394       0x28 _build_lpc40xx_freertos/objects/sl_string.o
                0x0000000000003394                sl_string__append_char
 .text.sl_string__equals_to_ignore_case
                0x00000000000033bc       0x24 _build_lpc40xx_freertos/objects/sl_string.o
                0x00000000000033bc                sl_string__equals_to_ignore_case
 .text.sl_string__begins_with_limited_chars
                0x00000000000033e0       0x36 _build_lpc40xx_freertos/objects/sl_string.o
                0x00000000000033e0                sl_string__begins_with_limited_chars
 .text.sl_string__begins_with_ignore_case
                0x0000000000003416       0x3c _build_lpc40xx_freertos/objects/sl_string.o
                0x0000000000003416                sl_string__begins_with_ignore_case
 *fill*         0x0000000000003452        0x2 ff
 .text.sl_string__to_int
                0x0000000000003454       0x34 _build_lpc40xx_freertos/objects/sl_string.o
                0x0000000000003454                sl_string__to_int
 .text.sl_string__begins_with_whole_word
                0x0000000000003488       0x52 _build_lpc40xx_freertos/objects/sl_string.o
                0x0000000000003488                sl_string__begins_with_whole_word
 .text.sl_string__ends_with_newline
                0x00000000000034da       0x30 _build_lpc40xx_freertos/objects/sl_string.o
                0x00000000000034da                sl_string__ends_with_newline
 .text.sl_string__erase_after
                0x000000000000350a       0x40 _build_lpc40xx_freertos/objects/sl_string.o
                0x000000000000350a                sl_string__erase_after
 .text.sl_string__erase_first
                0x000000000000354a       0x28 _build_lpc40xx_freertos/objects/sl_string.o
                0x000000000000354a                sl_string__erase_first
 .text.sl_string__erase_last
                0x0000000000003572       0x36 _build_lpc40xx_freertos/objects/sl_string.o
                0x0000000000003572                sl_string__erase_last
 .text.sl_string__erase_at_substring
                0x00000000000035a8       0x34 _build_lpc40xx_freertos/objects/sl_string.o
                0x00000000000035a8                sl_string__erase_at_substring
 .text.sl_string__erase_first_word
                0x00000000000035dc       0x32 _build_lpc40xx_freertos/objects/sl_string.o
                0x00000000000035dc                sl_string__erase_first_word
 *fill*         0x000000000000360e        0x2 ff
 .text.sl_string__erase_int
                0x0000000000003610       0x70 _build_lpc40xx_freertos/objects/sl_string.o
                0x0000000000003610                sl_string__erase_int
 .text.sl_string__trim_end
                0x0000000000003680       0x52 _build_lpc40xx_freertos/objects/sl_string.o
                0x0000000000003680                sl_string__trim_end
 .text.vPortSVCHandler_wrapper
                0x00000000000036d2        0x4 _build_lpc40xx_freertos/objects/freertos_interrupt_handlers.o
                0x00000000000036d2                vPortSVCHandler_wrapper
 .text.xPortPendSVHandler_wrapper
                0x00000000000036d6        0x4 _build_lpc40xx_freertos/objects/freertos_interrupt_handlers.o
                0x00000000000036d6                xPortPendSVHandler_wrapper
 .text.xPortSysTickHandler_wrapper
                0x00000000000036da        0x4 _build_lpc40xx_freertos/objects/freertos_interrupt_handlers.o
                0x00000000000036da                xPortSysTickHandler_wrapper
 .text.pvPortMalloc
                0x00000000000036de       0x1e _build_lpc40xx_freertos/objects/heap_selector.o
                0x00000000000036de                pvPortMalloc
 .text.vPortFree
                0x00000000000036fc       0x1a _build_lpc40xx_freertos/objects/heap_selector.o
                0x00000000000036fc                vPortFree
 *fill*         0x0000000000003716        0x2 ff
 .text.prvPortStartFirstTask
                0x0000000000003718       0x28 _build_lpc40xx_freertos/objects/port.o
 .text.vPortEnableVFP
                0x0000000000003740       0x14 _build_lpc40xx_freertos/objects/port.o
 .text.prvTaskExitError
                0x0000000000003754       0x3c _build_lpc40xx_freertos/objects/port.o
 .text.pxPortInitialiseStack
                0x0000000000003790       0x2c _build_lpc40xx_freertos/objects/port.o
                0x0000000000003790                pxPortInitialiseStack
 *fill*         0x00000000000037bc        0x4 ff
 .text.vPortSVCHandler
                0x00000000000037c0       0x24 _build_lpc40xx_freertos/objects/port.o
                0x00000000000037c0                vPortSVCHandler
 .text.vPortEnterCritical
                0x00000000000037e4       0x44 _build_lpc40xx_freertos/objects/port.o
                0x00000000000037e4                vPortEnterCritical
 .text.vPortExitCritical
                0x0000000000003828       0x28 _build_lpc40xx_freertos/objects/port.o
                0x0000000000003828                vPortExitCritical
 .text.xPortPendSVHandler
                0x0000000000003850       0x64 _build_lpc40xx_freertos/objects/port.o
                0x0000000000003850                xPortPendSVHandler
 .text.xPortSysTickHandler
                0x00000000000038b4       0x2c _build_lpc40xx_freertos/objects/port.o
                0x00000000000038b4                xPortSysTickHandler
 .text.vPortSetupTimerInterrupt
                0x00000000000038e0       0x30 _build_lpc40xx_freertos/objects/port.o
                0x00000000000038e0                vPortSetupTimerInterrupt
 .text.xPortStartScheduler
                0x0000000000003910      0x100 _build_lpc40xx_freertos/objects/port.o
                0x0000000000003910                xPortStartScheduler
 .text.vPortValidateInterruptPriority
                0x0000000000003a10       0x58 _build_lpc40xx_freertos/objects/port.o
                0x0000000000003a10                vPortValidateInterruptPriority
 .text.vListInitialise
                0x0000000000003a68       0x16 _build_lpc40xx_freertos/objects/list.o
                0x0000000000003a68                vListInitialise
 .text.vListInitialiseItem
                0x0000000000003a7e        0x6 _build_lpc40xx_freertos/objects/list.o
                0x0000000000003a7e                vListInitialiseItem
 .text.vListInsertEnd
                0x0000000000003a84       0x18 _build_lpc40xx_freertos/objects/list.o
                0x0000000000003a84                vListInsertEnd
 .text.vListInsert
                0x0000000000003a9c       0x2e _build_lpc40xx_freertos/objects/list.o
                0x0000000000003a9c                vListInsert
 .text.uxListRemove
                0x0000000000003aca       0x20 _build_lpc40xx_freertos/objects/list.o
                0x0000000000003aca                uxListRemove
 .text.prvIsQueueEmpty
                0x0000000000003aea       0x16 _build_lpc40xx_freertos/objects/queue.o
 .text.prvCopyDataToQueue
                0x0000000000003b00       0x6a _build_lpc40xx_freertos/objects/queue.o
 .text.prvCopyDataFromQueue
                0x0000000000003b6a       0x2a _build_lpc40xx_freertos/objects/queue.o
 .text.prvUnlockQueue
                0x0000000000003b94       0x70 _build_lpc40xx_freertos/objects/queue.o
 .text.xQueueGenericReset
                0x0000000000003c04       0x7c _build_lpc40xx_freertos/objects/queue.o
                0x0000000000003c04                xQueueGenericReset
 .text.xQueueGenericCreateStatic
                0x0000000000003c80       0x94 _build_lpc40xx_freertos/objects/queue.o
                0x0000000000003c80                xQueueGenericCreateStatic
 .text.xQueueGenericCreate
                0x0000000000003d14       0x4c _build_lpc40xx_freertos/objects/queue.o
                0x0000000000003d14                xQueueGenericCreate
 .text.xQueueGenericSend
                0x0000000000003d60      0x15c _build_lpc40xx_freertos/objects/queue.o
                0x0000000000003d60                xQueueGenericSend
 .text.xQueueCreateMutexStatic
                0x0000000000003ebc       0x2a _build_lpc40xx_freertos/objects/queue.o
                0x0000000000003ebc                xQueueCreateMutexStatic
 *fill*         0x0000000000003ee6        0x2 ff
 .text.xQueueGenericSendFromISR
                0x0000000000003ee8       0xbc _build_lpc40xx_freertos/objects/queue.o
                0x0000000000003ee8                xQueueGenericSendFromISR
 .text.xQueueGiveFromISR
                0x0000000000003fa4       0xa4 _build_lpc40xx_freertos/objects/queue.o
                0x0000000000003fa4                xQueueGiveFromISR
 .text.xQueueReceive
                0x0000000000004048      0x13c _build_lpc40xx_freertos/objects/queue.o
                0x0000000000004048                xQueueReceive
 .text.xQueueSemaphoreTake
                0x0000000000004184      0x180 _build_lpc40xx_freertos/objects/queue.o
                0x0000000000004184                xQueueSemaphoreTake
 .text.xQueueReceiveFromISR
                0x0000000000004304       0x9c _build_lpc40xx_freertos/objects/queue.o
                0x0000000000004304                xQueueReceiveFromISR
 .text.uxQueueMessagesWaiting
                0x00000000000043a0       0x24 _build_lpc40xx_freertos/objects/queue.o
                0x00000000000043a0                uxQueueMessagesWaiting
 .text.vQueueDelete
                0x00000000000043c4       0x24 _build_lpc40xx_freertos/objects/queue.o
                0x00000000000043c4                vQueueDelete
 .text.prvResetRunTimeStatsInList
                0x00000000000043e8       0x2e _build_lpc40xx_freertos/objects/tasks.o
 *fill*         0x0000000000004416        0x2 ff
 .text.prvAddNewTaskToReadyList
                0x0000000000004418       0xf4 _build_lpc40xx_freertos/objects/tasks.o
 .text.prvIdleTask
                0x000000000000450c       0x28 _build_lpc40xx_freertos/objects/tasks.o
 .text.prvResetNextTaskUnblockTime
                0x0000000000004534       0x24 _build_lpc40xx_freertos/objects/tasks.o
 .text.prvTaskIsTaskSuspended
                0x0000000000004558       0x38 _build_lpc40xx_freertos/objects/tasks.o
 .text.prvInitialiseNewTask.isra.2
                0x0000000000004590       0x98 _build_lpc40xx_freertos/objects/tasks.o
 .text.prvAddCurrentTaskToDelayedList
                0x0000000000004628       0x8c _build_lpc40xx_freertos/objects/tasks.o
 .text.xTaskCreateStatic
                0x00000000000046b4       0x6c _build_lpc40xx_freertos/objects/tasks.o
                0x00000000000046b4                xTaskCreateStatic
 .text.xTaskCreate
                0x0000000000004720       0x5a _build_lpc40xx_freertos/objects/tasks.o
                0x0000000000004720                xTaskCreate
 *fill*         0x000000000000477a        0x2 ff
 .text.eTaskGetState
                0x000000000000477c       0x6c _build_lpc40xx_freertos/objects/tasks.o
                0x000000000000477c                eTaskGetState
 .text.vTaskResume
                0x00000000000047e8       0x84 _build_lpc40xx_freertos/objects/tasks.o
                0x00000000000047e8                vTaskResume
 .text.vTaskStartScheduler
                0x000000000000486c       0x74 _build_lpc40xx_freertos/objects/tasks.o
                0x000000000000486c                vTaskStartScheduler
 .text.vTaskSuspendAll
                0x00000000000048e0       0x10 _build_lpc40xx_freertos/objects/tasks.o
                0x00000000000048e0                vTaskSuspendAll
 .text.xTaskIncrementTick
                0x00000000000048f0      0x124 _build_lpc40xx_freertos/objects/tasks.o
                0x00000000000048f0                xTaskIncrementTick
 .text.xTaskResumeAll
                0x0000000000004a14       0xec _build_lpc40xx_freertos/objects/tasks.o
                0x0000000000004a14                xTaskResumeAll
 .text.vTaskDelay
                0x0000000000004b00       0x48 _build_lpc40xx_freertos/objects/tasks.o
                0x0000000000004b00                vTaskDelay
 .text.vTaskSwitchContext
                0x0000000000004b48       0xbc _build_lpc40xx_freertos/objects/tasks.o
                0x0000000000004b48                vTaskSwitchContext
 .text.vTaskSuspend
                0x0000000000004c04       0xd4 _build_lpc40xx_freertos/objects/tasks.o
                0x0000000000004c04                vTaskSuspend
 .text.vTaskPlaceOnEventList
                0x0000000000004cd8       0x30 _build_lpc40xx_freertos/objects/tasks.o
                0x0000000000004cd8                vTaskPlaceOnEventList
 .text.xTaskRemoveFromEventList
                0x0000000000004d08       0x80 _build_lpc40xx_freertos/objects/tasks.o
                0x0000000000004d08                xTaskRemoveFromEventList
 .text.vTaskInternalSetTimeOutState
                0x0000000000004d88       0x18 _build_lpc40xx_freertos/objects/tasks.o
                0x0000000000004d88                vTaskInternalSetTimeOutState
 .text.xTaskCheckForTimeOut
                0x0000000000004da0       0x74 _build_lpc40xx_freertos/objects/tasks.o
                0x0000000000004da0                xTaskCheckForTimeOut
 .text.vTaskMissedYield
                0x0000000000004e14        0xc _build_lpc40xx_freertos/objects/tasks.o
                0x0000000000004e14                vTaskMissedYield
 .text.vTaskGetInfo
                0x0000000000004e20       0x7c _build_lpc40xx_freertos/objects/tasks.o
                0x0000000000004e20                vTaskGetInfo
 .text.prvListTasksWithinSingleList
                0x0000000000004e9c       0x5a _build_lpc40xx_freertos/objects/tasks.o
 *fill*         0x0000000000004ef6        0x2 ff
 .text.uxTaskGetSystemState
                0x0000000000004ef8       0x98 _build_lpc40xx_freertos/objects/tasks.o
                0x0000000000004ef8                uxTaskGetSystemState
 .text.xTaskGetSchedulerState
                0x0000000000004f90       0x20 _build_lpc40xx_freertos/objects/tasks.o
                0x0000000000004f90                xTaskGetSchedulerState
 .text.xTaskPriorityInherit
                0x0000000000004fb0       0xa4 _build_lpc40xx_freertos/objects/tasks.o
                0x0000000000004fb0                xTaskPriorityInherit
 .text.xTaskPriorityDisinherit
                0x0000000000005054       0x9c _build_lpc40xx_freertos/objects/tasks.o
                0x0000000000005054                xTaskPriorityDisinherit
 .text.vTaskPriorityDisinheritAfterTimeout
                0x00000000000050f0       0xb0 _build_lpc40xx_freertos/objects/tasks.o
                0x00000000000050f0                vTaskPriorityDisinheritAfterTimeout
 .text.pvTaskIncrementMutexHeldCount
                0x00000000000051a0       0x18 _build_lpc40xx_freertos/objects/tasks.o
                0x00000000000051a0                pvTaskIncrementMutexHeldCount
 .text.vTaskResetRunTimeStats
                0x00000000000051b8       0x6c _build_lpc40xx_freertos/objects/tasks.o
                0x00000000000051b8                vTaskResetRunTimeStats
 .text.vRunTimeStatIsrEntry
                0x0000000000005224       0x28 _build_lpc40xx_freertos/objects/tasks.o
                0x0000000000005224                vRunTimeStatIsrEntry
 .text.vRunTimeStatIsrExit
                0x000000000000524c       0x10 _build_lpc40xx_freertos/objects/tasks.o
                0x000000000000524c                vRunTimeStatIsrExit
 .text.board_io__initialize
                0x000000000000525c      0x104 _build_lpc40xx_freertos/objects/board_io.o
                0x000000000000525c                board_io__initialize
 .text.board_io__sd_card_cs
                0x0000000000005360       0x10 _build_lpc40xx_freertos/objects/board_io.o
                0x0000000000005360                board_io__sd_card_cs
 .text.board_io__sd_card_ds
                0x0000000000005370       0x10 _build_lpc40xx_freertos/objects/board_io.o
                0x0000000000005370                board_io__sd_card_ds
 .text.board_io__sd_card_is_present
                0x0000000000005380       0x14 _build_lpc40xx_freertos/objects/board_io.o
                0x0000000000005380                board_io__sd_card_is_present
 .text.board_io__get_led0
                0x0000000000005394        0xc _build_lpc40xx_freertos/objects/board_io.o
                0x0000000000005394                board_io__get_led0
 .text.board_io__get_led1
                0x00000000000053a0        0xc _build_lpc40xx_freertos/objects/board_io.o
                0x00000000000053a0                board_io__get_led1
 .text.board_io__get_led2
                0x00000000000053ac        0xc _build_lpc40xx_freertos/objects/board_io.o
                0x00000000000053ac                board_io__get_led2
 .text.board_io__get_led3
                0x00000000000053b8        0xc _build_lpc40xx_freertos/objects/board_io.o
                0x00000000000053b8                board_io__get_led3
 .text.pin_setup
                0x00000000000053c4       0xa0 _build_lpc40xx_freertos/objects/decoder.o
                0x00000000000053c4                pin_setup
 .text.mp3_pin_initialization
                0x0000000000005464       0x1c _build_lpc40xx_freertos/objects/decoder.o
                0x0000000000005464                mp3_pin_initialization
 .text.decoder_set_xdcs
                0x0000000000005480       0x10 _build_lpc40xx_freertos/objects/decoder.o
                0x0000000000005480                decoder_set_xdcs
 .text.decoder_clear_xdcs
                0x0000000000005490       0x10 _build_lpc40xx_freertos/objects/decoder.o
                0x0000000000005490                decoder_clear_xdcs
 .text.reset    0x00000000000054a0       0x18 _build_lpc40xx_freertos/objects/decoder.o
                0x00000000000054a0                reset
 .text.mp3_decoder_needs_data
                0x00000000000054b8        0xc _build_lpc40xx_freertos/objects/decoder.o
                0x00000000000054b8                mp3_decoder_needs_data
 .text.decoder_write
                0x00000000000054c4       0x44 _build_lpc40xx_freertos/objects/decoder.o
                0x00000000000054c4                decoder_write
 .text.decoder__init
                0x0000000000005508       0x3c _build_lpc40xx_freertos/objects/decoder.o
                0x0000000000005508                decoder__init
 .text.gpio__set_function
                0x0000000000005544       0x2a _build_lpc40xx_freertos/objects/gpio.o
                0x0000000000005544                gpio__set_function
 .text.gpio__construct_with_function
                0x000000000000556e       0x2a _build_lpc40xx_freertos/objects/gpio.o
                0x000000000000556e                gpio__construct_with_function
 .text.gpio__enable_open_drain
                0x0000000000005598       0x20 _build_lpc40xx_freertos/objects/gpio.o
                0x0000000000005598                gpio__enable_open_drain
 .text.gpio__enable_pull_down_resistors
                0x00000000000055b8       0x28 _build_lpc40xx_freertos/objects/gpio.o
                0x00000000000055b8                gpio__enable_pull_down_resistors
 .text.gpio__set_as_input
                0x00000000000055e0       0x24 _build_lpc40xx_freertos/objects/gpio.o
                0x00000000000055e0                gpio__set_as_input
 .text.gpio__construct_as_input
                0x0000000000005604       0x28 _build_lpc40xx_freertos/objects/gpio.o
                0x0000000000005604                gpio__construct_as_input
 .text.gpio__set_as_output
                0x000000000000562c       0x20 _build_lpc40xx_freertos/objects/gpio.o
                0x000000000000562c                gpio__set_as_output
 .text.gpio__construct_as_output
                0x000000000000564c       0x28 _build_lpc40xx_freertos/objects/gpio.o
                0x000000000000564c                gpio__construct_as_output
 .text.gpio__get
                0x0000000000005674       0x24 _build_lpc40xx_freertos/objects/gpio.o
                0x0000000000005674                gpio__get
 .text.gpio__set
                0x0000000000005698       0x1c _build_lpc40xx_freertos/objects/gpio.o
                0x0000000000005698                gpio__set
 .text.gpio__reset
                0x00000000000056b4       0x1c _build_lpc40xx_freertos/objects/gpio.o
                0x00000000000056b4                gpio__reset
 .text.gpio__toggle
                0x00000000000056d0       0x1e _build_lpc40xx_freertos/objects/gpio.o
                0x00000000000056d0                gpio__toggle
 *fill*         0x00000000000056ee        0x2 ff
 .text.hw_timer__enable
                0x00000000000056f0       0x48 _build_lpc40xx_freertos/objects/hw_timer.o
                0x00000000000056f0                hw_timer__enable
 .text.hw_timer__enable_match_isr
                0x0000000000005738       0x24 _build_lpc40xx_freertos/objects/hw_timer.o
                0x0000000000005738                hw_timer__enable_match_isr
 .text.hw_timer__acknowledge_interrupt
                0x000000000000575c       0x18 _build_lpc40xx_freertos/objects/hw_timer.o
                0x000000000000575c                hw_timer__acknowledge_interrupt
 .text.hw_timer__get_value
                0x0000000000005774       0x10 _build_lpc40xx_freertos/objects/hw_timer.o
                0x0000000000005774                hw_timer__get_value
 .text.hw_timer__set_value
                0x0000000000005784       0x10 _build_lpc40xx_freertos/objects/hw_timer.o
                0x0000000000005784                hw_timer__set_value
 .text.i2c__transfer
                0x0000000000005794       0xe8 _build_lpc40xx_freertos/objects/i2c.o
 .text.i2c__handle_interrupt
                0x000000000000587c      0x15c _build_lpc40xx_freertos/objects/i2c.o
 .text.i2c2_isr
                0x00000000000059d8        0xc _build_lpc40xx_freertos/objects/i2c.o
 .text.i2c1_isr
                0x00000000000059e4        0xc _build_lpc40xx_freertos/objects/i2c.o
 .text.i2c0_isr
                0x00000000000059f0        0xc _build_lpc40xx_freertos/objects/i2c.o
 .text.i2c__initialize
                0x00000000000059fc       0xb8 _build_lpc40xx_freertos/objects/i2c.o
                0x00000000000059fc                i2c__initialize
 .text.i2c__read_slave_data
                0x0000000000005ab4       0x20 _build_lpc40xx_freertos/objects/i2c.o
                0x0000000000005ab4                i2c__read_slave_data
 .text.i2c__read_single
                0x0000000000005ad4       0x1e _build_lpc40xx_freertos/objects/i2c.o
                0x0000000000005ad4                i2c__read_single
 *fill*         0x0000000000005af2        0x2 ff
 .text.i2c__write_slave_data
                0x0000000000005af4       0x20 _build_lpc40xx_freertos/objects/i2c.o
                0x0000000000005af4                i2c__write_slave_data
 .text.i2c__detect
                0x0000000000005b14       0x18 _build_lpc40xx_freertos/objects/i2c.o
                0x0000000000005b14                i2c__detect
 .text.i2c__write_single
                0x0000000000005b2c       0x18 _build_lpc40xx_freertos/objects/i2c.o
                0x0000000000005b2c                i2c__write_single
 .text.enable_lcd
                0x0000000000005b44       0x24 _build_lpc40xx_freertos/objects/lcd.o
                0x0000000000005b44                enable_lcd
 .text.set_d7   0x0000000000005b68       0x14 _build_lpc40xx_freertos/objects/lcd.o
                0x0000000000005b68                set_d7
 .text.set_d6   0x0000000000005b7c       0x14 _build_lpc40xx_freertos/objects/lcd.o
                0x0000000000005b7c                set_d6
 .text.set_d5   0x0000000000005b90       0x14 _build_lpc40xx_freertos/objects/lcd.o
                0x0000000000005b90                set_d5
 .text.set_d4   0x0000000000005ba4       0x14 _build_lpc40xx_freertos/objects/lcd.o
                0x0000000000005ba4                set_d4
 .text.set_d3   0x0000000000005bb8       0x14 _build_lpc40xx_freertos/objects/lcd.o
                0x0000000000005bb8                set_d3
 .text.set_d2   0x0000000000005bcc       0x14 _build_lpc40xx_freertos/objects/lcd.o
                0x0000000000005bcc                set_d2
 .text.set_d1   0x0000000000005be0       0x14 _build_lpc40xx_freertos/objects/lcd.o
                0x0000000000005be0                set_d1
 .text.set_d0   0x0000000000005bf4       0x14 _build_lpc40xx_freertos/objects/lcd.o
                0x0000000000005bf4                set_d0
 .text.lcd_char
                0x0000000000005c08       0x64 _build_lpc40xx_freertos/objects/lcd.o
                0x0000000000005c08                lcd_char
 .text.lcd_set_xy
                0x0000000000005c6c       0x10 _build_lpc40xx_freertos/objects/lcd.o
                0x0000000000005c6c                lcd_set_xy
 .text.lcd_reset
                0x0000000000005c7c       0x12 _build_lpc40xx_freertos/objects/lcd.o
                0x0000000000005c7c                lcd_reset
 *fill*         0x0000000000005c8e        0x2 ff
 .text.lcd_print
                0x0000000000005c90       0x64 _build_lpc40xx_freertos/objects/lcd.o
                0x0000000000005c90                lcd_print
 .text.lcd_print_remove
                0x0000000000005cf4       0x1c _build_lpc40xx_freertos/objects/lcd.o
                0x0000000000005cf4                lcd_print_remove
 .text.lcd_print_line
                0x0000000000005d10       0x50 _build_lpc40xx_freertos/objects/lcd.o
                0x0000000000005d10                lcd_print_line
 .text.lcd_select
                0x0000000000005d60       0x24 _build_lpc40xx_freertos/objects/lcd.o
                0x0000000000005d60                lcd_select
 .text.lcd_init
                0x0000000000005d84      0x170 _build_lpc40xx_freertos/objects/lcd.o
                0x0000000000005d84                lcd_init
 .text.lpc_peripheral__halt_handler
                0x0000000000005ef4        0x2 _build_lpc40xx_freertos/objects/lpc_peripherals.o
 *fill*         0x0000000000005ef6        0x2 ff
 .text.lpc_peripheral__interrupt_dispatcher
                0x0000000000005ef8       0x34 _build_lpc40xx_freertos/objects/lpc_peripherals.o
                0x0000000000005ef8                lpc_peripheral__interrupt_dispatcher
 .text.lpc_peripheral__turn_on_power_to
                0x0000000000005f2c       0x24 _build_lpc40xx_freertos/objects/lpc_peripherals.o
                0x0000000000005f2c                lpc_peripheral__turn_on_power_to
 .text.lpc_peripheral__is_powered_on
                0x0000000000005f50       0x24 _build_lpc40xx_freertos/objects/lpc_peripherals.o
                0x0000000000005f50                lpc_peripheral__is_powered_on
 .text.lpc_peripheral__enable_interrupt
                0x0000000000005f74       0x30 _build_lpc40xx_freertos/objects/lpc_peripherals.o
                0x0000000000005f74                lpc_peripheral__enable_interrupt
 .text.open_file
                0x0000000000005fa4       0x10 _build_lpc40xx_freertos/objects/mp3.o
                0x0000000000005fa4                open_file
 .text.close_file
                0x0000000000005fb4        0x4 _build_lpc40xx_freertos/objects/mp3.o
                0x0000000000005fb4                close_file
 .text.read_from_file
                0x0000000000005fb8       0x4c _build_lpc40xx_freertos/objects/mp3.o
                0x0000000000005fb8                read_from_file
 .text.songindex_decrease
                0x0000000000006004       0x1c _build_lpc40xx_freertos/objects/mp3.o
                0x0000000000006004                songindex_decrease
 .text.songindex_increase
                0x0000000000006020       0x20 _build_lpc40xx_freertos/objects/mp3.o
                0x0000000000006020                songindex_increase
 .text.display_select_song
                0x0000000000006040       0x2c _build_lpc40xx_freertos/objects/mp3.o
                0x0000000000006040                display_select_song
 .text.mp3__init
                0x000000000000606c       0x5c _build_lpc40xx_freertos/objects/mp3.o
                0x000000000000606c                mp3__init
 .text.display_current_song
                0x00000000000060c8       0x28 _build_lpc40xx_freertos/objects/mp3.o
                0x00000000000060c8                display_current_song
 .text.songlist_count
                0x00000000000060f0        0xc _build_lpc40xx_freertos/objects/song_list.o
                0x00000000000060f0                songlist_count
 .text.songlist_name
                0x00000000000060fc       0x20 _build_lpc40xx_freertos/objects/song_list.o
                0x00000000000060fc                songlist_name
 .text.check_sd_error
                0x000000000000611c       0x48 _build_lpc40xx_freertos/objects/song_list.o
                0x000000000000611c                check_sd_error
 .text.song_list__populate
                0x0000000000006164       0x80 _build_lpc40xx_freertos/objects/song_list.o
                0x0000000000006164                song_list__populate
 .text.ssp2__dma_transfer_block
                0x00000000000061e4       0x98 _build_lpc40xx_freertos/objects/ssp2.o
 .text.ssp2__set_max_clock
                0x000000000000627c       0x2c _build_lpc40xx_freertos/objects/ssp2.o
                0x000000000000627c                ssp2__set_max_clock
 .text.ssp2__initialize
                0x00000000000062a8       0x44 _build_lpc40xx_freertos/objects/ssp2.o
                0x00000000000062a8                ssp2__initialize
 .text.ssp2__exchange_byte
                0x00000000000062ec       0x14 _build_lpc40xx_freertos/objects/ssp2.o
                0x00000000000062ec                ssp2__exchange_byte
 .text.ssp2__dma_write_block
                0x0000000000006300        0x6 _build_lpc40xx_freertos/objects/ssp2.o
                0x0000000000006300                ssp2__dma_write_block
 .text.ssp2__dma_read_block
                0x0000000000006306        0x6 _build_lpc40xx_freertos/objects/ssp2.o
                0x0000000000006306                ssp2__dma_read_block
 .text.uart__isr_common
                0x000000000000630c       0x94 _build_lpc40xx_freertos/objects/uart.o
 .text.uart3_isr
                0x00000000000063a0        0xc _build_lpc40xx_freertos/objects/uart.o
 .text.uart2_isr
                0x00000000000063ac        0xc _build_lpc40xx_freertos/objects/uart.o
 .text.uart1_isr
                0x00000000000063b8        0xc _build_lpc40xx_freertos/objects/uart.o
 .text.uart0_isr
                0x00000000000063c4        0xc _build_lpc40xx_freertos/objects/uart.o
 .text.uart__init
                0x00000000000063d0       0x60 _build_lpc40xx_freertos/objects/uart.o
                0x00000000000063d0                uart__init
 .text.uart__is_initialized
                0x0000000000006430       0x28 _build_lpc40xx_freertos/objects/uart.o
                0x0000000000006430                uart__is_initialized
 .text.uart__is_transmit_queue_initialized
                0x0000000000006458       0x14 _build_lpc40xx_freertos/objects/uart.o
                0x0000000000006458                uart__is_transmit_queue_initialized
 .text.uart__is_receive_queue_initialized
                0x000000000000646c       0x14 _build_lpc40xx_freertos/objects/uart.o
                0x000000000000646c                uart__is_receive_queue_initialized
 .text.uart__enable_queues
                0x0000000000006480       0x70 _build_lpc40xx_freertos/objects/uart.o
                0x0000000000006480                uart__enable_queues
 .text.uart__polled_put
                0x00000000000064f0       0x24 _build_lpc40xx_freertos/objects/uart.o
                0x00000000000064f0                uart__polled_put
 .text.uart__get
                0x0000000000006514       0x4c _build_lpc40xx_freertos/objects/uart.o
                0x0000000000006514                uart__get
 .text.uart__polled_get
                0x0000000000006560       0x54 _build_lpc40xx_freertos/objects/uart.o
                0x0000000000006560                uart__polled_get
 .text.uart__put
                0x00000000000065b4       0x7c _build_lpc40xx_freertos/objects/uart.o
                0x00000000000065b4                uart__put
 .text.button_check_task
                0x0000000000006630       0xdc _build_lpc40xx_freertos/objects/main.o
                0x0000000000006630                button_check_task
 .text.button_task
                0x000000000000670c      0x168 _build_lpc40xx_freertos/objects/main.o
                0x000000000000670c                button_task
 .text.mp3_player_task
                0x0000000000006874       0x4c _build_lpc40xx_freertos/objects/main.o
 .text.mp3_reader_task
                0x00000000000068c0       0x38 _build_lpc40xx_freertos/objects/main.o
 .text.startup.main
                0x00000000000068f8       0xb4 _build_lpc40xx_freertos/objects/main.o
                0x00000000000068f8                main
 .text          0x00000000000069ac      0x378 /Users/viviane/Documents/GitHub/mp3-146/toolchains/mac/gcc-arm-none-eabi-8-2019-q3-update/bin/../lib/gcc/arm-none-eabi/8.3.1/thumb/v7e-m+fp/hard/libgcc.a(_arm_addsubdf3.o)
                0x00000000000069ac                __aeabi_drsub
                0x00000000000069b4                __subdf3
                0x00000000000069b4                __aeabi_dsub
                0x00000000000069b8                __aeabi_dadd
                0x00000000000069b8                __adddf3
                0x0000000000006c30                __aeabi_ui2d
                0x0000000000006c30                __floatunsidf
                0x0000000000006c50                __floatsidf
                0x0000000000006c50                __aeabi_i2d
                0x0000000000006c74                __extendsfdf2
                0x0000000000006c74                __aeabi_f2d
                0x0000000000006cb8                __aeabi_ul2d
                0x0000000000006cb8                __floatundidf
                0x0000000000006cc8                __aeabi_l2d
                0x0000000000006cc8                __floatdidf
 .text          0x0000000000006d24       0x30 /Users/viviane/Documents/GitHub/mp3-146/toolchains/mac/gcc-arm-none-eabi-8-2019-q3-update/bin/../lib/gcc/arm-none-eabi/8.3.1/thumb/v7e-m+fp/hard/libgcc.a(_aeabi_uldivmod.o)
                0x0000000000006d24                __aeabi_uldivmod
 .text          0x0000000000006d54      0x2d0 /Users/viviane/Documents/GitHub/mp3-146/toolchains/mac/gcc-arm-none-eabi-8-2019-q3-update/bin/../lib/gcc/arm-none-eabi/8.3.1/thumb/v7e-m+fp/hard/libgcc.a(_udivmoddi4.o)
                0x0000000000006d54                __udivmoddi4
 .text          0x0000000000007024        0x4 /Users/viviane/Documents/GitHub/mp3-146/toolchains/mac/gcc-arm-none-eabi-8-2019-q3-update/bin/../lib/gcc/arm-none-eabi/8.3.1/thumb/v7e-m+fp/hard/libgcc.a(_dvmd_tls.o)
                0x0000000000007024                __aeabi_ldiv0
                0x0000000000007024                __aeabi_idiv0
 .text.exit     0x0000000000007028       0x28 /Users/viviane/Documents/GitHub/mp3-146/toolchains/mac/gcc-arm-none-eabi-8-2019-q3-update/bin/../lib/gcc/arm-none-eabi/8.3.1/../../../../arm-none-eabi/lib/thumb/v7e-m+fp/hard/libg_nano.a(lib_a-exit.o)
                0x0000000000007028                exit
 .text.fprintf  0x0000000000007050       0x24 /Users/viviane/Documents/GitHub/mp3-146/toolchains/mac/gcc-arm-none-eabi-8-2019-q3-update/bin/../lib/gcc/arm-none-eabi/8.3.1/../../../../arm-none-eabi/lib/thumb/v7e-m+fp/hard/libg_nano.a(lib_a-fprintf.o)
                0x0000000000007050                fprintf
                0x0000000000007050                fiprintf
 .text._fputc_r
                0x0000000000007074       0x70 /Users/viviane/Documents/GitHub/mp3-146/toolchains/mac/gcc-arm-none-eabi-8-2019-q3-update/bin/../lib/gcc/arm-none-eabi/8.3.1/../../../../arm-none-eabi/lib/thumb/v7e-m+fp/hard/libg_nano.a(lib_a-fputc.o)
                0x0000000000007074                _fputc_r
 .text.fputc    0x00000000000070e4       0x10 /Users/viviane/Documents/GitHub/mp3-146/toolchains/mac/gcc-arm-none-eabi-8-2019-q3-update/bin/../lib/gcc/arm-none-eabi/8.3.1/../../../../arm-none-eabi/lib/thumb/v7e-m+fp/hard/libg_nano.a(lib_a-fputc.o)
                0x00000000000070e4                fputc
 .text._fputs_r
                0x00000000000070f4       0xcc /Users/viviane/Documents/GitHub/mp3-146/toolchains/mac/gcc-arm-none-eabi-8-2019-q3-update/bin/../lib/gcc/arm-none-eabi/8.3.1/../../../../arm-none-eabi/lib/thumb/v7e-m+fp/hard/libg_nano.a(lib_a-fputs.o)
                0x00000000000070f4                _fputs_r
 .text.fputs    0x00000000000071c0       0x10 /Users/viviane/Documents/GitHub/mp3-146/toolchains/mac/gcc-arm-none-eabi-8-2019-q3-update/bin/../lib/gcc/arm-none-eabi/8.3.1/../../../../arm-none-eabi/lib/thumb/v7e-m+fp/hard/libg_nano.a(lib_a-fputs.o)
                0x00000000000071c0                fputs
 .text.getchar  0x00000000000071d0       0x24 /Users/viviane/Documents/GitHub/mp3-146/toolchains/mac/gcc-arm-none-eabi-8-2019-q3-update/bin/../lib/gcc/arm-none-eabi/8.3.1/../../../../arm-none-eabi/lib/thumb/v7e-m+fp/hard/libg_nano.a(lib_a-getchar.o)
                0x00000000000071d0                getchar
 .text.__retarget_lock_init_recursive
                0x00000000000071f4        0x2 /Users/viviane/Documents/GitHub/mp3-146/toolchains/mac/gcc-arm-none-eabi-8-2019-q3-update/bin/../lib/gcc/arm-none-eabi/8.3.1/../../../../arm-none-eabi/lib/thumb/v7e-m+fp/hard/libg_nano.a(lib_a-lock.o)
                0x00000000000071f4                __retarget_lock_init_recursive
 .text.__retarget_lock_acquire_recursive
                0x00000000000071f6        0x2 /Users/viviane/Documents/GitHub/mp3-146/toolchains/mac/gcc-arm-none-eabi-8-2019-q3-update/bin/../lib/gcc/arm-none-eabi/8.3.1/../../../../arm-none-eabi/lib/thumb/v7e-m+fp/hard/libg_nano.a(lib_a-lock.o)
                0x00000000000071f6                __retarget_lock_acquire_recursive
 .text.__retarget_lock_release_recursive
                0x00000000000071f8        0x2 /Users/viviane/Documents/GitHub/mp3-146/toolchains/mac/gcc-arm-none-eabi-8-2019-q3-update/bin/../lib/gcc/arm-none-eabi/8.3.1/../../../../arm-none-eabi/lib/thumb/v7e-m+fp/hard/libg_nano.a(lib_a-lock.o)
                0x00000000000071f8                __retarget_lock_release_recursive
 *fill*         0x00000000000071fa        0x2 ff
 .text.malloc   0x00000000000071fc       0x10 /Users/viviane/Documents/GitHub/mp3-146/toolchains/mac/gcc-arm-none-eabi-8-2019-q3-update/bin/../lib/gcc/arm-none-eabi/8.3.1/../../../../arm-none-eabi/lib/thumb/v7e-m+fp/hard/libg_nano.a(lib_a-malloc.o)
                0x00000000000071fc                malloc
 .text.free     0x000000000000720c       0x10 /Users/viviane/Documents/GitHub/mp3-146/toolchains/mac/gcc-arm-none-eabi-8-2019-q3-update/bin/../lib/gcc/arm-none-eabi/8.3.1/../../../../arm-none-eabi/lib/thumb/v7e-m+fp/hard/libg_nano.a(lib_a-malloc.o)
                0x000000000000720c                free
 .text.memcpy   0x000000000000721c       0x1c /Users/viviane/Documents/GitHub/mp3-146/toolchains/mac/gcc-arm-none-eabi-8-2019-q3-update/bin/../lib/gcc/arm-none-eabi/8.3.1/../../../../arm-none-eabi/lib/thumb/v7e-m+fp/hard/libg_nano.a(lib_a-memcpy-stub.o)
                0x000000000000721c                memcpy
 .text.memmove  0x0000000000007238       0x34 /Users/viviane/Documents/GitHub/mp3-146/toolchains/mac/gcc-arm-none-eabi-8-2019-q3-update/bin/../lib/gcc/arm-none-eabi/8.3.1/../../../../arm-none-eabi/lib/thumb/v7e-m+fp/hard/libg_nano.a(lib_a-memmove.o)
                0x0000000000007238                memmove
 .text.memset   0x000000000000726c       0x10 /Users/viviane/Documents/GitHub/mp3-146/toolchains/mac/gcc-arm-none-eabi-8-2019-q3-update/bin/../lib/gcc/arm-none-eabi/8.3.1/../../../../arm-none-eabi/lib/thumb/v7e-m+fp/hard/libg_nano.a(lib_a-memset.o)
                0x000000000000726c                memset
 .text._free_r  0x000000000000727c       0x9c /Users/viviane/Documents/GitHub/mp3-146/toolchains/mac/gcc-arm-none-eabi-8-2019-q3-update/bin/../lib/gcc/arm-none-eabi/8.3.1/../../../../arm-none-eabi/lib/thumb/v7e-m+fp/hard/libg_nano.a(lib_a-nano-freer.o)
                0x000000000000727c                _free_r
 .text._malloc_r
                0x0000000000007318       0xb4 /Users/viviane/Documents/GitHub/mp3-146/toolchains/mac/gcc-arm-none-eabi-8-2019-q3-update/bin/../lib/gcc/arm-none-eabi/8.3.1/../../../../arm-none-eabi/lib/thumb/v7e-m+fp/hard/libg_nano.a(lib_a-nano-mallocr.o)
                0x0000000000007318                _malloc_r
 .text.__sfputc_r
                0x00000000000073cc       0x2e /Users/viviane/Documents/GitHub/mp3-146/toolchains/mac/gcc-arm-none-eabi-8-2019-q3-update/bin/../lib/gcc/arm-none-eabi/8.3.1/../../../../arm-none-eabi/lib/thumb/v7e-m+fp/hard/libg_nano.a(lib_a-nano-vfprintf.o)
 .text.__sfputs_r
                0x00000000000073fa       0x24 /Users/viviane/Documents/GitHub/mp3-146/toolchains/mac/gcc-arm-none-eabi-8-2019-q3-update/bin/../lib/gcc/arm-none-eabi/8.3.1/../../../../arm-none-eabi/lib/thumb/v7e-m+fp/hard/libg_nano.a(lib_a-nano-vfprintf.o)
                0x00000000000073fa                __sfputs_r
 *fill*         0x000000000000741e        0x2 ff
 .text._vfprintf_r
                0x0000000000007420      0x250 /Users/viviane/Documents/GitHub/mp3-146/toolchains/mac/gcc-arm-none-eabi-8-2019-q3-update/bin/../lib/gcc/arm-none-eabi/8.3.1/../../../../arm-none-eabi/lib/thumb/v7e-m+fp/hard/libg_nano.a(lib_a-nano-vfprintf.o)
                0x0000000000007420                _vfiprintf_r
                0x0000000000007420                _vfprintf_r
 .text.__cvt    0x0000000000007670       0xba /Users/viviane/Documents/GitHub/mp3-146/toolchains/mac/gcc-arm-none-eabi-8-2019-q3-update/bin/../lib/gcc/arm-none-eabi/8.3.1/../../../../arm-none-eabi/lib/thumb/v7e-m+fp/hard/libg_nano.a(lib_a-nano-vfprintf_float.o)
                0x0000000000007670                __cvt
 .text.__exponent
                0x000000000000772a       0x64 /Users/viviane/Documents/GitHub/mp3-146/toolchains/mac/gcc-arm-none-eabi-8-2019-q3-update/bin/../lib/gcc/arm-none-eabi/8.3.1/../../../../arm-none-eabi/lib/thumb/v7e-m+fp/hard/libg_nano.a(lib_a-nano-vfprintf_float.o)
                0x000000000000772a                __exponent
 *fill*         0x000000000000778e        0x2 ff
 .text._printf_float
                0x0000000000007790      0x454 /Users/viviane/Documents/GitHub/mp3-146/toolchains/mac/gcc-arm-none-eabi-8-2019-q3-update/bin/../lib/gcc/arm-none-eabi/8.3.1/../../../../arm-none-eabi/lib/thumb/v7e-m+fp/hard/libg_nano.a(lib_a-nano-vfprintf_float.o)
                0x0000000000007790                _printf_float
 .text._printf_common
                0x0000000000007be4       0xea /Users/viviane/Documents/GitHub/mp3-146/toolchains/mac/gcc-arm-none-eabi-8-2019-q3-update/bin/../lib/gcc/arm-none-eabi/8.3.1/../../../../arm-none-eabi/lib/thumb/v7e-m+fp/hard/libg_nano.a(lib_a-nano-vfprintf_i.o)
                0x0000000000007be4                _printf_common
 *fill*         0x0000000000007cce        0x2 ff
 .text._printf_i
                0x0000000000007cd0      0x228 /Users/viviane/Documents/GitHub/mp3-146/toolchains/mac/gcc-arm-none-eabi-8-2019-q3-update/bin/../lib/gcc/arm-none-eabi/8.3.1/../../../../arm-none-eabi/lib/thumb/v7e-m+fp/hard/libg_nano.a(lib_a-nano-vfprintf_i.o)
                0x0000000000007cd0                _printf_i
 .text._scanf_float
                0x0000000000007ef8      0x3c0 /Users/viviane/Documents/GitHub/mp3-146/toolchains/mac/gcc-arm-none-eabi-8-2019-q3-update/bin/../lib/gcc/arm-none-eabi/8.3.1/../../../../arm-none-eabi/lib/thumb/v7e-m+fp/hard/libg_nano.a(lib_a-nano-vfscanf_float.o)
                0x0000000000007ef8                _scanf_float
 .text.printf   0x00000000000082b8       0x30 /Users/viviane/Documents/GitHub/mp3-146/toolchains/mac/gcc-arm-none-eabi-8-2019-q3-update/bin/../lib/gcc/arm-none-eabi/8.3.1/../../../../arm-none-eabi/lib/thumb/v7e-m+fp/hard/libg_nano.a(lib_a-printf.o)
                0x00000000000082b8                printf
                0x00000000000082b8                iprintf
 .text._putc_r  0x00000000000082e8       0x90 /Users/viviane/Documents/GitHub/mp3-146/toolchains/mac/gcc-arm-none-eabi-8-2019-q3-update/bin/../lib/gcc/arm-none-eabi/8.3.1/../../../../arm-none-eabi/lib/thumb/v7e-m+fp/hard/libg_nano.a(lib_a-putc.o)
                0x00000000000082e8                _putc_r
 .text.putchar  0x0000000000008378       0x28 /Users/viviane/Documents/GitHub/mp3-146/toolchains/mac/gcc-arm-none-eabi-8-2019-q3-update/bin/../lib/gcc/arm-none-eabi/8.3.1/../../../../arm-none-eabi/lib/thumb/v7e-m+fp/hard/libg_nano.a(lib_a-putchar.o)
                0x0000000000008378                putchar
 .text._sbrk_r  0x00000000000083a0       0x20 /Users/viviane/Documents/GitHub/mp3-146/toolchains/mac/gcc-arm-none-eabi-8-2019-q3-update/bin/../lib/gcc/arm-none-eabi/8.3.1/../../../../arm-none-eabi/lib/thumb/v7e-m+fp/hard/libg_nano.a(lib_a-sbrkr.o)
                0x00000000000083a0                _sbrk_r
 .text.setvbuf  0x00000000000083c0      0x184 /Users/viviane/Documents/GitHub/mp3-146/toolchains/mac/gcc-arm-none-eabi-8-2019-q3-update/bin/../lib/gcc/arm-none-eabi/8.3.1/../../../../arm-none-eabi/lib/thumb/v7e-m+fp/hard/libg_nano.a(lib_a-setvbuf.o)
                0x00000000000083c0                setvbuf
 .text.nanf     0x0000000000008544        0xc /Users/viviane/Documents/GitHub/mp3-146/toolchains/mac/gcc-arm-none-eabi-8-2019-q3-update/bin/../lib/gcc/arm-none-eabi/8.3.1/../../../../arm-none-eabi/lib/thumb/v7e-m+fp/hard/libg_nano.a(lib_a-sf_nan.o)
                0x0000000000008544                nanf
 .text.snprintf
                0x0000000000008550       0x68 /Users/viviane/Documents/GitHub/mp3-146/toolchains/mac/gcc-arm-none-eabi-8-2019-q3-update/bin/../lib/gcc/arm-none-eabi/8.3.1/../../../../arm-none-eabi/lib/thumb/v7e-m+fp/hard/libg_nano.a(lib_a-snprintf.o)
                0x0000000000008550                snprintf
                0x0000000000008550                sniprintf
 .text.sprintf  0x00000000000085b8       0x40 /Users/viviane/Documents/GitHub/mp3-146/toolchains/mac/gcc-arm-none-eabi-8-2019-q3-update/bin/../lib/gcc/arm-none-eabi/8.3.1/../../../../arm-none-eabi/lib/thumb/v7e-m+fp/hard/libg_nano.a(lib_a-sprintf.o)
                0x00000000000085b8                sprintf
                0x00000000000085b8                siprintf
 .text.strcasecmp
                0x00000000000085f8       0x38 /Users/viviane/Documents/GitHub/mp3-146/toolchains/mac/gcc-arm-none-eabi-8-2019-q3-update/bin/../lib/gcc/arm-none-eabi/8.3.1/../../../../arm-none-eabi/lib/thumb/v7e-m+fp/hard/libg_nano.a(lib_a-strcasecmp.o)
                0x00000000000085f8                strcasecmp
 .text.strchr   0x0000000000008630       0x1a /Users/viviane/Documents/GitHub/mp3-146/toolchains/mac/gcc-arm-none-eabi-8-2019-q3-update/bin/../lib/gcc/arm-none-eabi/8.3.1/../../../../arm-none-eabi/lib/thumb/v7e-m+fp/hard/libg_nano.a(lib_a-strchr.o)
                0x0000000000008630                strchr
 .text          0x000000000000864a       0x10 /Users/viviane/Documents/GitHub/mp3-146/toolchains/mac/gcc-arm-none-eabi-8-2019-q3-update/bin/../lib/gcc/arm-none-eabi/8.3.1/../../../../arm-none-eabi/lib/thumb/v7e-m+fp/hard/libg_nano.a(lib_a-strlen.o)
                0x000000000000864a                strlen
 *fill*         0x000000000000865a        0x2 ff
 .text.strncasecmp
                0x000000000000865c       0x44 /Users/viviane/Documents/GitHub/mp3-146/toolchains/mac/gcc-arm-none-eabi-8-2019-q3-update/bin/../lib/gcc/arm-none-eabi/8.3.1/../../../../arm-none-eabi/lib/thumb/v7e-m+fp/hard/libg_nano.a(lib_a-strncasecmp.o)
                0x000000000000865c                strncasecmp
 .text.strncmp  0x00000000000086a0       0x24 /Users/viviane/Documents/GitHub/mp3-146/toolchains/mac/gcc-arm-none-eabi-8-2019-q3-update/bin/../lib/gcc/arm-none-eabi/8.3.1/../../../../arm-none-eabi/lib/thumb/v7e-m+fp/hard/libg_nano.a(lib_a-strncmp.o)
                0x00000000000086a0                strncmp
 .text.strncpy  0x00000000000086c4       0x26 /Users/viviane/Documents/GitHub/mp3-146/toolchains/mac/gcc-arm-none-eabi-8-2019-q3-update/bin/../lib/gcc/arm-none-eabi/8.3.1/../../../../arm-none-eabi/lib/thumb/v7e-m+fp/hard/libg_nano.a(lib_a-strncpy.o)
                0x00000000000086c4                strncpy
 .text.strstr   0x00000000000086ea       0x2e /Users/viviane/Documents/GitHub/mp3-146/toolchains/mac/gcc-arm-none-eabi-8-2019-q3-update/bin/../lib/gcc/arm-none-eabi/8.3.1/../../../../arm-none-eabi/lib/thumb/v7e-m+fp/hard/libg_nano.a(lib_a-strstr.o)
                0x00000000000086ea                strstr
 .text.sulp     0x0000000000008718       0x38 /Users/viviane/Documents/GitHub/mp3-146/toolchains/mac/gcc-arm-none-eabi-8-2019-q3-update/bin/../lib/gcc/arm-none-eabi/8.3.1/../../../../arm-none-eabi/lib/thumb/v7e-m+fp/hard/libg_nano.a(lib_a-strtod.o)
 .text._strtod_l
                0x0000000000008750      0xb98 /Users/viviane/Documents/GitHub/mp3-146/toolchains/mac/gcc-arm-none-eabi-8-2019-q3-update/bin/../lib/gcc/arm-none-eabi/8.3.1/../../../../arm-none-eabi/lib/thumb/v7e-m+fp/hard/libg_nano.a(lib_a-strtod.o)
                0x0000000000008750                _strtod_l
 .text._strtod_r
                0x00000000000092e8        0xc /Users/viviane/Documents/GitHub/mp3-146/toolchains/mac/gcc-arm-none-eabi-8-2019-q3-update/bin/../lib/gcc/arm-none-eabi/8.3.1/../../../../arm-none-eabi/lib/thumb/v7e-m+fp/hard/libg_nano.a(lib_a-strtod.o)
                0x00000000000092e8                _strtod_r
 .text._strtol_l.isra.0
                0x00000000000092f4       0xf0 /Users/viviane/Documents/GitHub/mp3-146/toolchains/mac/gcc-arm-none-eabi-8-2019-q3-update/bin/../lib/gcc/arm-none-eabi/8.3.1/../../../../arm-none-eabi/lib/thumb/v7e-m+fp/hard/libg_nano.a(lib_a-strtol.o)
 .text._strtol_r
                0x00000000000093e4        0x4 /Users/viviane/Documents/GitHub/mp3-146/toolchains/mac/gcc-arm-none-eabi-8-2019-q3-update/bin/../lib/gcc/arm-none-eabi/8.3.1/../../../../arm-none-eabi/lib/thumb/v7e-m+fp/hard/libg_nano.a(lib_a-strtol.o)
                0x00000000000093e4                _strtol_r
 .text.strtol   0x00000000000093e8       0x14 /Users/viviane/Documents/GitHub/mp3-146/toolchains/mac/gcc-arm-none-eabi-8-2019-q3-update/bin/../lib/gcc/arm-none-eabi/8.3.1/../../../../arm-none-eabi/lib/thumb/v7e-m+fp/hard/libg_nano.a(lib_a-strtol.o)
                0x00000000000093e8                strtol
 .text._vsnprintf_r
                0x00000000000093fc       0x58 /Users/viviane/Documents/GitHub/mp3-146/toolchains/mac/gcc-arm-none-eabi-8-2019-q3-update/bin/../lib/gcc/arm-none-eabi/8.3.1/../../../../arm-none-eabi/lib/thumb/v7e-m+fp/hard/libg_nano.a(lib_a-vsnprintf.o)
                0x00000000000093fc                _vsnprintf_r
                0x00000000000093fc                _vsniprintf_r
 .text.vsnprintf
                0x0000000000009454       0x1c /Users/viviane/Documents/GitHub/mp3-146/toolchains/mac/gcc-arm-none-eabi-8-2019-q3-update/bin/../lib/gcc/arm-none-eabi/8.3.1/../../../../arm-none-eabi/lib/thumb/v7e-m+fp/hard/libg_nano.a(lib_a-vsnprintf.o)
                0x0000000000009454                vsnprintf
                0x0000000000009454                vsniprintf
 .text._vsscanf_r
                0x0000000000009470       0x48 /Users/viviane/Documents/GitHub/mp3-146/toolchains/mac/gcc-arm-none-eabi-8-2019-q3-update/bin/../lib/gcc/arm-none-eabi/8.3.1/../../../../arm-none-eabi/lib/thumb/v7e-m+fp/hard/libg_nano.a(lib_a-vsscanf.o)
                0x0000000000009470                _vsiscanf_r
                0x0000000000009470                _vsscanf_r
 .text.vsscanf  0x00000000000094b8       0x14 /Users/viviane/Documents/GitHub/mp3-146/toolchains/mac/gcc-arm-none-eabi-8-2019-q3-update/bin/../lib/gcc/arm-none-eabi/8.3.1/../../../../arm-none-eabi/lib/thumb/v7e-m+fp/hard/libg_nano.a(lib_a-vsscanf.o)
                0x00000000000094b8                vsscanf
                0x00000000000094b8                vsiscanf
 .text.__swbuf_r
                0x00000000000094cc       0xa4 /Users/viviane/Documents/GitHub/mp3-146/toolchains/mac/gcc-arm-none-eabi-8-2019-q3-update/bin/../lib/gcc/arm-none-eabi/8.3.1/../../../../arm-none-eabi/lib/thumb/v7e-m+fp/hard/libg_nano.a(lib_a-wbuf.o)
                0x00000000000094cc                __swbuf_r
 .text.__swsetup_r
                0x0000000000009570       0xdc /Users/viviane/Documents/GitHub/mp3-146/toolchains/mac/gcc-arm-none-eabi-8-2019-q3-update/bin/../lib/gcc/arm-none-eabi/8.3.1/../../../../arm-none-eabi/lib/thumb/v7e-m+fp/hard/libg_nano.a(lib_a-wsetup.o)
                0x0000000000009570                __swsetup_r
 .text.quorem   0x000000000000964c      0x112 /Users/viviane/Documents/GitHub/mp3-146/toolchains/mac/gcc-arm-none-eabi-8-2019-q3-update/bin/../lib/gcc/arm-none-eabi/8.3.1/../../../../arm-none-eabi/lib/thumb/v7e-m+fp/hard/libg_nano.a(lib_a-dtoa.o)
 *fill*         0x000000000000975e        0x2 ff
 .text._dtoa_r  0x0000000000009760      0xb74 /Users/viviane/Documents/GitHub/mp3-146/toolchains/mac/gcc-arm-none-eabi-8-2019-q3-update/bin/../lib/gcc/arm-none-eabi/8.3.1/../../../../arm-none-eabi/lib/thumb/v7e-m+fp/hard/libg_nano.a(lib_a-dtoa.o)
                0x0000000000009760                _dtoa_r
 .text.__sflush_r
                0x000000000000a2d4      0x10c /Users/viviane/Documents/GitHub/mp3-146/toolchains/mac/gcc-arm-none-eabi-8-2019-q3-update/bin/../lib/gcc/arm-none-eabi/8.3.1/../../../../arm-none-eabi/lib/thumb/v7e-m+fp/hard/libg_nano.a(lib_a-fflush.o)
                0x000000000000a2d4                __sflush_r
 .text._fflush_r
                0x000000000000a3e0       0x78 /Users/viviane/Documents/GitHub/mp3-146/toolchains/mac/gcc-arm-none-eabi-8-2019-q3-update/bin/../lib/gcc/arm-none-eabi/8.3.1/../../../../arm-none-eabi/lib/thumb/v7e-m+fp/hard/libg_nano.a(lib_a-fflush.o)
                0x000000000000a3e0                _fflush_r
 .text.fflush   0x000000000000a458       0x24 /Users/viviane/Documents/GitHub/mp3-146/toolchains/mac/gcc-arm-none-eabi-8-2019-q3-update/bin/../lib/gcc/arm-none-eabi/8.3.1/../../../../arm-none-eabi/lib/thumb/v7e-m+fp/hard/libg_nano.a(lib_a-fflush.o)
                0x000000000000a458                fflush
 .text.std      0x000000000000a47c       0x48 /Users/viviane/Documents/GitHub/mp3-146/toolchains/mac/gcc-arm-none-eabi-8-2019-q3-update/bin/../lib/gcc/arm-none-eabi/8.3.1/../../../../arm-none-eabi/lib/thumb/v7e-m+fp/hard/libg_nano.a(lib_a-findfp.o)
 .text._cleanup_r
                0x000000000000a4c4        0xc /Users/viviane/Documents/GitHub/mp3-146/toolchains/mac/gcc-arm-none-eabi-8-2019-q3-update/bin/../lib/gcc/arm-none-eabi/8.3.1/../../../../arm-none-eabi/lib/thumb/v7e-m+fp/hard/libg_nano.a(lib_a-findfp.o)
                0x000000000000a4c4                _cleanup_r
 .text.__sfmoreglue
                0x000000000000a4d0       0x2c /Users/viviane/Documents/GitHub/mp3-146/toolchains/mac/gcc-arm-none-eabi-8-2019-q3-update/bin/../lib/gcc/arm-none-eabi/8.3.1/../../../../arm-none-eabi/lib/thumb/v7e-m+fp/hard/libg_nano.a(lib_a-findfp.o)
                0x000000000000a4d0                __sfmoreglue
 .text.__sfp_lock_acquire
                0x000000000000a4fc        0xc /Users/viviane/Documents/GitHub/mp3-146/toolchains/mac/gcc-arm-none-eabi-8-2019-q3-update/bin/../lib/gcc/arm-none-eabi/8.3.1/../../../../arm-none-eabi/lib/thumb/v7e-m+fp/hard/libg_nano.a(lib_a-findfp.o)
                0x000000000000a4fc                __sfp_lock_acquire
 .text.__sfp_lock_release
                0x000000000000a508        0xc /Users/viviane/Documents/GitHub/mp3-146/toolchains/mac/gcc-arm-none-eabi-8-2019-q3-update/bin/../lib/gcc/arm-none-eabi/8.3.1/../../../../arm-none-eabi/lib/thumb/v7e-m+fp/hard/libg_nano.a(lib_a-findfp.o)
                0x000000000000a508                __sfp_lock_release
 .text.__sinit_lock_acquire
                0x000000000000a514        0xc /Users/viviane/Documents/GitHub/mp3-146/toolchains/mac/gcc-arm-none-eabi-8-2019-q3-update/bin/../lib/gcc/arm-none-eabi/8.3.1/../../../../arm-none-eabi/lib/thumb/v7e-m+fp/hard/libg_nano.a(lib_a-findfp.o)
                0x000000000000a514                __sinit_lock_acquire
 .text.__sinit_lock_release
                0x000000000000a520        0xc /Users/viviane/Documents/GitHub/mp3-146/toolchains/mac/gcc-arm-none-eabi-8-2019-q3-update/bin/../lib/gcc/arm-none-eabi/8.3.1/../../../../arm-none-eabi/lib/thumb/v7e-m+fp/hard/libg_nano.a(lib_a-findfp.o)
                0x000000000000a520                __sinit_lock_release
 .text.__sinit  0x000000000000a52c       0x70 /Users/viviane/Documents/GitHub/mp3-146/toolchains/mac/gcc-arm-none-eabi-8-2019-q3-update/bin/../lib/gcc/arm-none-eabi/8.3.1/../../../../arm-none-eabi/lib/thumb/v7e-m+fp/hard/libg_nano.a(lib_a-findfp.o)
                0x000000000000a52c                __sinit
 .text.__sfp    0x000000000000a59c       0x8c /Users/viviane/Documents/GitHub/mp3-146/toolchains/mac/gcc-arm-none-eabi-8-2019-q3-update/bin/../lib/gcc/arm-none-eabi/8.3.1/../../../../arm-none-eabi/lib/thumb/v7e-m+fp/hard/libg_nano.a(lib_a-findfp.o)
                0x000000000000a59c                __sfp
 .text._fwalk   0x000000000000a628       0x38 /Users/viviane/Documents/GitHub/mp3-146/toolchains/mac/gcc-arm-none-eabi-8-2019-q3-update/bin/../lib/gcc/arm-none-eabi/8.3.1/../../../../arm-none-eabi/lib/thumb/v7e-m+fp/hard/libg_nano.a(lib_a-fwalk.o)
                0x000000000000a628                _fwalk
 .text._fwalk_reent
                0x000000000000a660       0x3c /Users/viviane/Documents/GitHub/mp3-146/toolchains/mac/gcc-arm-none-eabi-8-2019-q3-update/bin/../lib/gcc/arm-none-eabi/8.3.1/../../../../arm-none-eabi/lib/thumb/v7e-m+fp/hard/libg_nano.a(lib_a-fwalk.o)
                0x000000000000a660                _fwalk_reent
 .text.rshift   0x000000000000a69c       0x74 /Users/viviane/Documents/GitHub/mp3-146/toolchains/mac/gcc-arm-none-eabi-8-2019-q3-update/bin/../lib/gcc/arm-none-eabi/8.3.1/../../../../arm-none-eabi/lib/thumb/v7e-m+fp/hard/libg_nano.a(lib_a-gdtoa-gethex.o)
 .text.__hexdig_fun
                0x000000000000a710       0x2a /Users/viviane/Documents/GitHub/mp3-146/toolchains/mac/gcc-arm-none-eabi-8-2019-q3-update/bin/../lib/gcc/arm-none-eabi/8.3.1/../../../../arm-none-eabi/lib/thumb/v7e-m+fp/hard/libg_nano.a(lib_a-gdtoa-gethex.o)
                0x000000000000a710                __hexdig_fun
 *fill*         0x000000000000a73a        0x2 ff
 .text.__gethex
                0x000000000000a73c      0x448 /Users/viviane/Documents/GitHub/mp3-146/toolchains/mac/gcc-arm-none-eabi-8-2019-q3-update/bin/../lib/gcc/arm-none-eabi/8.3.1/../../../../arm-none-eabi/lib/thumb/v7e-m+fp/hard/libg_nano.a(lib_a-gdtoa-gethex.o)
                0x000000000000a73c                __gethex
 .text.L_shift  0x000000000000ab84       0x24 /Users/viviane/Documents/GitHub/mp3-146/toolchains/mac/gcc-arm-none-eabi-8-2019-q3-update/bin/../lib/gcc/arm-none-eabi/8.3.1/../../../../arm-none-eabi/lib/thumb/v7e-m+fp/hard/libg_nano.a(lib_a-gdtoa-hexnan.o)
 .text.__match  0x000000000000aba8       0x28 /Users/viviane/Documents/GitHub/mp3-146/toolchains/mac/gcc-arm-none-eabi-8-2019-q3-update/bin/../lib/gcc/arm-none-eabi/8.3.1/../../../../arm-none-eabi/lib/thumb/v7e-m+fp/hard/libg_nano.a(lib_a-gdtoa-hexnan.o)
                0x000000000000aba8                __match
 .text.__hexnan
                0x000000000000abd0      0x120 /Users/viviane/Documents/GitHub/mp3-146/toolchains/mac/gcc-arm-none-eabi-8-2019-q3-update/bin/../lib/gcc/arm-none-eabi/8.3.1/../../../../arm-none-eabi/lib/thumb/v7e-m+fp/hard/libg_nano.a(lib_a-gdtoa-hexnan.o)
                0x000000000000abd0                __hexnan
 .text._getc_r  0x000000000000acf0       0x80 /Users/viviane/Documents/GitHub/mp3-146/toolchains/mac/gcc-arm-none-eabi-8-2019-q3-update/bin/../lib/gcc/arm-none-eabi/8.3.1/../../../../arm-none-eabi/lib/thumb/v7e-m+fp/hard/libg_nano.a(lib_a-getc.o)
                0x000000000000acf0                _getc_r
 .text._localeconv_r
                0x000000000000ad70        0x8 /Users/viviane/Documents/GitHub/mp3-146/toolchains/mac/gcc-arm-none-eabi-8-2019-q3-update/bin/../lib/gcc/arm-none-eabi/8.3.1/../../../../arm-none-eabi/lib/thumb/v7e-m+fp/hard/libg_nano.a(lib_a-localeconv.o)
                0x000000000000ad70                _localeconv_r
 .text.__swhatbuf_r
                0x000000000000ad78       0x48 /Users/viviane/Documents/GitHub/mp3-146/toolchains/mac/gcc-arm-none-eabi-8-2019-q3-update/bin/../lib/gcc/arm-none-eabi/8.3.1/../../../../arm-none-eabi/lib/thumb/v7e-m+fp/hard/libg_nano.a(lib_a-makebuf.o)
                0x000000000000ad78                __swhatbuf_r
 .text.__smakebuf_r
                0x000000000000adc0       0x80 /Users/viviane/Documents/GitHub/mp3-146/toolchains/mac/gcc-arm-none-eabi-8-2019-q3-update/bin/../lib/gcc/arm-none-eabi/8.3.1/../../../../arm-none-eabi/lib/thumb/v7e-m+fp/hard/libg_nano.a(lib_a-makebuf.o)
                0x000000000000adc0                __smakebuf_r
 .text.__ascii_mbtowc
                0x000000000000ae40       0x24 /Users/viviane/Documents/GitHub/mp3-146/toolchains/mac/gcc-arm-none-eabi-8-2019-q3-update/bin/../lib/gcc/arm-none-eabi/8.3.1/../../../../arm-none-eabi/lib/thumb/v7e-m+fp/hard/libg_nano.a(lib_a-mbtowc_r.o)
                0x000000000000ae40                __ascii_mbtowc
 *fill*         0x000000000000ae64        0xc ff
 .text          0x000000000000ae70       0xa0 /Users/viviane/Documents/GitHub/mp3-146/toolchains/mac/gcc-arm-none-eabi-8-2019-q3-update/bin/../lib/gcc/arm-none-eabi/8.3.1/../../../../arm-none-eabi/lib/thumb/v7e-m+fp/hard/libg_nano.a(lib_a-memchr.o)
                0x000000000000ae70                memchr
 .text.__malloc_lock
                0x000000000000af10        0xc /Users/viviane/Documents/GitHub/mp3-146/toolchains/mac/gcc-arm-none-eabi-8-2019-q3-update/bin/../lib/gcc/arm-none-eabi/8.3.1/../../../../arm-none-eabi/lib/thumb/v7e-m+fp/hard/libg_nano.a(lib_a-mlock.o)
                0x000000000000af10                __malloc_lock
 .text.__malloc_unlock
                0x000000000000af1c        0xc /Users/viviane/Documents/GitHub/mp3-146/toolchains/mac/gcc-arm-none-eabi-8-2019-q3-update/bin/../lib/gcc/arm-none-eabi/8.3.1/../../../../arm-none-eabi/lib/thumb/v7e-m+fp/hard/libg_nano.a(lib_a-mlock.o)
                0x000000000000af1c                __malloc_unlock
 .text._Balloc  0x000000000000af28       0x68 /Users/viviane/Documents/GitHub/mp3-146/toolchains/mac/gcc-arm-none-eabi-8-2019-q3-update/bin/../lib/gcc/arm-none-eabi/8.3.1/../../../../arm-none-eabi/lib/thumb/v7e-m+fp/hard/libg_nano.a(lib_a-mprec.o)
                0x000000000000af28                _Balloc
 .text._Bfree   0x000000000000af90       0x2e /Users/viviane/Documents/GitHub/mp3-146/toolchains/mac/gcc-arm-none-eabi-8-2019-q3-update/bin/../lib/gcc/arm-none-eabi/8.3.1/../../../../arm-none-eabi/lib/thumb/v7e-m+fp/hard/libg_nano.a(lib_a-mprec.o)
                0x000000000000af90                _Bfree
 .text.__multadd
                0x000000000000afbe       0x76 /Users/viviane/Documents/GitHub/mp3-146/toolchains/mac/gcc-arm-none-eabi-8-2019-q3-update/bin/../lib/gcc/arm-none-eabi/8.3.1/../../../../arm-none-eabi/lib/thumb/v7e-m+fp/hard/libg_nano.a(lib_a-mprec.o)
                0x000000000000afbe                __multadd
 .text.__s2b    0x000000000000b034       0x7c /Users/viviane/Documents/GitHub/mp3-146/toolchains/mac/gcc-arm-none-eabi-8-2019-q3-update/bin/../lib/gcc/arm-none-eabi/8.3.1/../../../../arm-none-eabi/lib/thumb/v7e-m+fp/hard/libg_nano.a(lib_a-mprec.o)
                0x000000000000b034                __s2b
 .text.__hi0bits
                0x000000000000b0b0       0x40 /Users/viviane/Documents/GitHub/mp3-146/toolchains/mac/gcc-arm-none-eabi-8-2019-q3-update/bin/../lib/gcc/arm-none-eabi/8.3.1/../../../../arm-none-eabi/lib/thumb/v7e-m+fp/hard/libg_nano.a(lib_a-mprec.o)
                0x000000000000b0b0                __hi0bits
 .text.__lo0bits
                0x000000000000b0f0       0x60 /Users/viviane/Documents/GitHub/mp3-146/toolchains/mac/gcc-arm-none-eabi-8-2019-q3-update/bin/../lib/gcc/arm-none-eabi/8.3.1/../../../../arm-none-eabi/lib/thumb/v7e-m+fp/hard/libg_nano.a(lib_a-mprec.o)
                0x000000000000b0f0                __lo0bits
 .text.__i2b    0x000000000000b150       0x12 /Users/viviane/Documents/GitHub/mp3-146/toolchains/mac/gcc-arm-none-eabi-8-2019-q3-update/bin/../lib/gcc/arm-none-eabi/8.3.1/../../../../arm-none-eabi/lib/thumb/v7e-m+fp/hard/libg_nano.a(lib_a-mprec.o)
                0x000000000000b150                __i2b
 .text.__multiply
                0x000000000000b162      0x120 /Users/viviane/Documents/GitHub/mp3-146/toolchains/mac/gcc-arm-none-eabi-8-2019-q3-update/bin/../lib/gcc/arm-none-eabi/8.3.1/../../../../arm-none-eabi/lib/thumb/v7e-m+fp/hard/libg_nano.a(lib_a-mprec.o)
                0x000000000000b162                __multiply
 *fill*         0x000000000000b282        0x2 ff
 .text.__pow5mult
                0x000000000000b284       0x9c /Users/viviane/Documents/GitHub/mp3-146/toolchains/mac/gcc-arm-none-eabi-8-2019-q3-update/bin/../lib/gcc/arm-none-eabi/8.3.1/../../../../arm-none-eabi/lib/thumb/v7e-m+fp/hard/libg_nano.a(lib_a-mprec.o)
                0x000000000000b284                __pow5mult
 .text.__lshift
                0x000000000000b320       0xa6 /Users/viviane/Documents/GitHub/mp3-146/toolchains/mac/gcc-arm-none-eabi-8-2019-q3-update/bin/../lib/gcc/arm-none-eabi/8.3.1/../../../../arm-none-eabi/lib/thumb/v7e-m+fp/hard/libg_nano.a(lib_a-mprec.o)
                0x000000000000b320                __lshift
 .text.__mcmp   0x000000000000b3c6       0x34 /Users/viviane/Documents/GitHub/mp3-146/toolchains/mac/gcc-arm-none-eabi-8-2019-q3-update/bin/../lib/gcc/arm-none-eabi/8.3.1/../../../../arm-none-eabi/lib/thumb/v7e-m+fp/hard/libg_nano.a(lib_a-mprec.o)
                0x000000000000b3c6                __mcmp
 .text.__mdiff  0x000000000000b3fa       0xba /Users/viviane/Documents/GitHub/mp3-146/toolchains/mac/gcc-arm-none-eabi-8-2019-q3-update/bin/../lib/gcc/arm-none-eabi/8.3.1/../../../../arm-none-eabi/lib/thumb/v7e-m+fp/hard/libg_nano.a(lib_a-mprec.o)
                0x000000000000b3fa                __mdiff
 .text.__ulp    0x000000000000b4b4       0x4c /Users/viviane/Documents/GitHub/mp3-146/toolchains/mac/gcc-arm-none-eabi-8-2019-q3-update/bin/../lib/gcc/arm-none-eabi/8.3.1/../../../../arm-none-eabi/lib/thumb/v7e-m+fp/hard/libg_nano.a(lib_a-mprec.o)
                0x000000000000b4b4                __ulp
 .text.__b2d    0x000000000000b500       0xa0 /Users/viviane/Documents/GitHub/mp3-146/toolchains/mac/gcc-arm-none-eabi-8-2019-q3-update/bin/../lib/gcc/arm-none-eabi/8.3.1/../../../../arm-none-eabi/lib/thumb/v7e-m+fp/hard/libg_nano.a(lib_a-mprec.o)
                0x000000000000b500                __b2d
 .text.__d2b    0x000000000000b5a0       0x9c /Users/viviane/Documents/GitHub/mp3-146/toolchains/mac/gcc-arm-none-eabi-8-2019-q3-update/bin/../lib/gcc/arm-none-eabi/8.3.1/../../../../arm-none-eabi/lib/thumb/v7e-m+fp/hard/libg_nano.a(lib_a-mprec.o)
                0x000000000000b5a0                __d2b
 .text.__ratio  0x000000000000b63c       0x66 /Users/viviane/Documents/GitHub/mp3-146/toolchains/mac/gcc-arm-none-eabi-8-2019-q3-update/bin/../lib/gcc/arm-none-eabi/8.3.1/../../../../arm-none-eabi/lib/thumb/v7e-m+fp/hard/libg_nano.a(lib_a-mprec.o)
                0x000000000000b63c                __ratio
 .text.__copybits
                0x000000000000b6a2       0x34 /Users/viviane/Documents/GitHub/mp3-146/toolchains/mac/gcc-arm-none-eabi-8-2019-q3-update/bin/../lib/gcc/arm-none-eabi/8.3.1/../../../../arm-none-eabi/lib/thumb/v7e-m+fp/hard/libg_nano.a(lib_a-mprec.o)
                0x000000000000b6a2                __copybits
 .text.__any_on
                0x000000000000b6d6       0x42 /Users/viviane/Documents/GitHub/mp3-146/toolchains/mac/gcc-arm-none-eabi-8-2019-q3-update/bin/../lib/gcc/arm-none-eabi/8.3.1/../../../../arm-none-eabi/lib/thumb/v7e-m+fp/hard/libg_nano.a(lib_a-mprec.o)
                0x000000000000b6d6                __any_on
 .text._calloc_r